Component: ARM Compiler 5.06 update 4 (build 422) Tool: armlink [4d35d2]

==============================================================================

Section Cross References

    startup_stm32f407xx.o(RESET) refers to startup_stm32f407xx.o(STACK) for __initial_sp
    startup_stm32f407xx.o(RESET) refers to startup_stm32f407xx.o(.text) for Reset_Handler
    startup_stm32f407xx.o(RESET) refers to stm32f4xx_it.o(i.NMI_Handler) for NMI_Handler
    startup_stm32f407xx.o(RESET) refers to stm32f4xx_it.o(i.HardFault_Handler) for HardFault_Handler
    startup_stm32f407xx.o(RESET) refers to stm32f4xx_it.o(i.MemManage_Handler) for MemManage_Handler
    startup_stm32f407xx.o(RESET) refers to stm32f4xx_it.o(i.BusFault_Handler) for BusFault_Handler
    startup_stm32f407xx.o(RESET) refers to stm32f4xx_it.o(i.UsageFault_Handler) for UsageFault_Handler
    startup_stm32f407xx.o(RESET) refers to stm32f4xx_it.o(i.SVC_Handler) for SVC_Handler
    startup_stm32f407xx.o(RESET) refers to stm32f4xx_it.o(i.DebugMon_Handler) for DebugMon_Handler
    startup_stm32f407xx.o(RESET) refers to stm32f4xx_it.o(i.PendSV_Handler) for PendSV_Handler
    startup_stm32f407xx.o(RESET) refers to stm32f4xx_it.o(i.SysTick_Handler) for SysTick_Handler
    startup_stm32f407xx.o(RESET) refers to stm32f4xx_it.o(i.TIM2_IRQHandler) for TIM2_IRQHandler
    startup_stm32f407xx.o(RESET) refers to stm32f4xx_it.o(i.USART1_IRQHandler) for USART1_IRQHandler
    startup_stm32f407xx.o(RESET) refers to stm32f4xx_it.o(i.TIM5_IRQHandler) for TIM5_IRQHandler
    startup_stm32f407xx.o(RESET) refers to stm32f4xx_it.o(i.OTG_FS_IRQHandler) for OTG_FS_IRQHandler
    startup_stm32f407xx.o(.text) refers to system_stm32f4xx.o(i.SystemInit) for SystemInit
    startup_stm32f407xx.o(.text) refers to entry.o(.ARM.Collect$$$$00000000) for __main
    syscall.o(i.ff_memalloc) refers to malloc.o(i.malloc) for malloc
    syscall.o(i.ff_memfree) refers to malloc.o(i.free) for free
    diskio.o(i.disk_initialize) refers to ff_gen_drv.o(.bss) for disk
    diskio.o(i.disk_ioctl) refers to ff_gen_drv.o(.bss) for disk
    diskio.o(i.disk_read) refers to ff_gen_drv.o(.bss) for disk
    diskio.o(i.disk_status) refers to ff_gen_drv.o(.bss) for disk
    diskio.o(i.disk_write) refers to ff_gen_drv.o(.bss) for disk
    ff.o(i.check_fs) refers to ff.o(i.move_window) for move_window
    ff.o(i.check_fs) refers to ff.o(i.ld_word) for ld_word
    ff.o(i.check_fs) refers to ff.o(i.ld_dword) for ld_dword
    ff.o(i.chk_lock) refers to ff.o(.bss) for .bss
    ff.o(i.clear_lock) refers to ff.o(.bss) for .bss
    ff.o(i.cmp_lfn) refers to ff.o(i.ld_word) for ld_word
    ff.o(i.cmp_lfn) refers to cc936.o(i.ff_wtoupper) for ff_wtoupper
    ff.o(i.cmp_lfn) refers to ff.o(.constdata) for .constdata
    ff.o(i.create_chain) refers to ff.o(i.get_fat) for get_fat
    ff.o(i.create_chain) refers to ff.o(i.put_fat) for put_fat
    ff.o(i.create_name) refers to cc936.o(i.ff_convert) for ff_convert
    ff.o(i.create_name) refers to ff.o(i.chk_chr) for chk_chr
    ff.o(i.create_name) refers to ff.o(i.mem_set) for mem_set
    ff.o(i.create_name) refers to cc936.o(i.ff_wtoupper) for ff_wtoupper
    ff.o(i.dec_lock) refers to ff.o(.bss) for .bss
    ff.o(i.dir_find) refers to ff.o(i.dir_sdi) for dir_sdi
    ff.o(i.dir_find) refers to ff.o(i.move_window) for move_window
    ff.o(i.dir_find) refers to ff.o(i.cmp_lfn) for cmp_lfn
    ff.o(i.dir_find) refers to ff.o(i.sum_sfn) for sum_sfn
    ff.o(i.dir_find) refers to ff.o(i.dir_next) for dir_next
    ff.o(i.dir_next) refers to ff.o(i.get_fat) for get_fat
    ff.o(i.dir_next) refers to ff.o(i.create_chain) for create_chain
    ff.o(i.dir_next) refers to ff.o(i.sync_window) for sync_window
    ff.o(i.dir_next) refers to ff.o(i.mem_set) for mem_set
    ff.o(i.dir_next) refers to ff.o(i.clust2sect) for clust2sect
    ff.o(i.dir_read) refers to ff.o(i.move_window) for move_window
    ff.o(i.dir_read) refers to ff.o(i.pick_lfn) for pick_lfn
    ff.o(i.dir_read) refers to ff.o(i.dir_next) for dir_next
    ff.o(i.dir_read) refers to ff.o(i.sum_sfn) for sum_sfn
    ff.o(i.dir_register) refers to ff.o(i.mem_cpy) for mem_cpy
    ff.o(i.dir_register) refers to ff.o(i.gen_numname) for gen_numname
    ff.o(i.dir_register) refers to ff.o(i.dir_find) for dir_find
    ff.o(i.dir_register) refers to ff.o(i.dir_sdi) for dir_sdi
    ff.o(i.dir_register) refers to ff.o(i.move_window) for move_window
    ff.o(i.dir_register) refers to ff.o(i.dir_next) for dir_next
    ff.o(i.dir_register) refers to ff.o(i.sum_sfn) for sum_sfn
    ff.o(i.dir_register) refers to ff.o(i.st_word) for st_word
    ff.o(i.dir_register) refers to ff.o(i.mem_set) for mem_set
    ff.o(i.dir_register) refers to ff.o(.constdata) for .constdata
    ff.o(i.dir_remove) refers to ff.o(i.dir_sdi) for dir_sdi
    ff.o(i.dir_remove) refers to ff.o(i.move_window) for move_window
    ff.o(i.dir_remove) refers to ff.o(i.dir_next) for dir_next
    ff.o(i.dir_sdi) refers to ff.o(i.get_fat) for get_fat
[...]
    DMA1_Stream3_IRQHandler                  0x080001b7   Thumb Code     0  startup_stm32f407xx.o(.text)
    DMA1_Stream4_IRQHandler                  0x080001b7   Thumb Code     0  startup_stm32f407xx.o(.text)
    DMA1_Stream5_IRQHandler                  0x080001b7   Thumb Code     0  startup_stm32f407xx.o(.text)
    DMA1_Stream6_IRQHandler                  0x080001b7   Thumb Code     0  startup_stm32f407xx.o(.text)
    DMA1_Stream7_IRQHandler                  0x080001b7   Thumb Code     0  startup_stm32f407xx.o(.text)
    DMA2_Stream0_IRQHandler                  0x080001b7   Thumb Code     0  startup_stm32f407xx.o(.text)
    DMA2_Stream1_IRQHandler                  0x080001b7   Thumb Code     0  startup_stm32f407xx.o(.text)
    DMA2_Stream2_IRQHandler                  0x080001b7   Thumb Code     0  startup_stm32f407xx.o(.text)
    DMA2_Stream3_IRQHandler                  0x080001b7   Thumb Code     0  startup_stm32f407xx.o(.text)
    DMA2_Stream4_IRQHandler                  0x080001b7   Thumb Code     0  startup_stm32f407xx.o(.text)
    DMA2_Stream5_IRQHandler                  0x080001b7   Thumb Code     0  startup_stm32f407xx.o(.text)
    DMA2_Stream6_IRQHandler                  0x080001b7   Thumb Code     0  startup_stm32f407xx.o(.text)
    DMA2_Stream7_IRQHandler                  0x080001b7   Thumb Code     0  startup_stm32f407xx.o(.text)
    ETH_IRQHandler                           0x080001b7   Thumb Code     0  startup_stm32f407xx.o(.text)
    ETH_WKUP_IRQHandler                      0x080001b7   Thumb Code     0  startup_stm32f407xx.o(.text)
    EXTI0_IRQHandler                         0x080001b7   Thumb Code     0  startup_stm32f407xx.o(.text)
    EXTI15_10_IRQHandler                     0x080001b7   Thumb Code     0  startup_stm32f407xx.o(.text)
    EXTI1_IRQHandler                         0x080001b7   Thumb Code     0  startup_stm32f407xx.o(.text)
    EXTI2_IRQHandler                         0x080001b7   Thumb Code     0  startup_stm32f407xx.o(.text)
    EXTI3_IRQHandler                         0x080001b7   Thumb Code     0  startup_stm32f407xx.o(.text)
    EXTI4_IRQHandler                         0x080001b7   Thumb Code     0  startup_stm32f407xx.o(.text)
    EXTI9_5_IRQHandler                       0x080001b7   Thumb Code     0  startup_stm32f407xx.o(.text)
    FLASH_IRQHandler                         0x080001b7   Thumb Code     0  startup_stm32f407xx.o(.text)
    FMC_IRQHandler                           0x080001b7   Thumb Code     0  startup_stm32f407xx.o(.text)
    FPU_IRQHandler                           0x080001b7   Thumb Code     0  startup_stm32f407xx.o(.text)
    HASH_RNG_IRQHandler                      0x080001b7   Thumb Code     0  startup_stm32f407xx.o(.text)
    I2C1_ER_IRQHandler                       0x080001b7   Thumb Code     0  startup_stm32f407xx.o(.text)
    I2C1_EV_IRQHandler                       0x080001b7   Thumb Code     0  startup_stm32f407xx.o(.text)
    I2C2_ER_IRQHandler                       0x080001b7   Thumb Code     0  startup_stm32f407xx.o(.text)
    I2C2_EV_IRQHandler                       0x080001b7   Thumb Code     0  startup_stm32f407xx.o(.text)
    I2C3_ER_IRQHandler                       0x080001b7   Thumb Code     0  startup_stm32f407xx.o(.text)
    I2C3_EV_IRQHandler                       0x080001b7   Thumb Code     0  startup_stm32f407xx.o(.text)
    OTG_FS_WKUP_IRQHandler                   0x080001b7   Thumb Code     0  startup_stm32f407xx.o(.text)
    OTG_HS_EP1_IN_IRQHandler                 0x080001b7   Thumb Code     0  startup_stm32f407xx.o(.text)
    OTG_HS_EP1_OUT_IRQHandler                0x080001b7   Thumb Code     0  startup_stm32f407xx.o(.text)
    OTG_HS_IRQHandler                        0x080001b7   Thumb Code     0  startup_stm32f407xx.o(.text)
    OTG_HS_WKUP_IRQHandler                   0x080001b7   Thumb Code     0  startup_stm32f407xx.o(.text)
    PVD_IRQHandler                           0x080001b7   Thumb Code     0  startup_stm32f407xx.o(.text)
    RCC_IRQHandler                           0x080001b7   Thumb Code     0  startup_stm32f407xx.o(.text)
    RTC_Alarm_IRQHandler                     0x080001b7   Thumb Code     0  startup_stm32f407xx.o(.text)
    RTC_WKUP_IRQHandler                      0x080001b7   Thumb Code     0  startup_stm32f407xx.o(.text)
    SDIO_IRQHandler                          0x080001b7   Thumb Code     0  startup_stm32f407xx.o(.text)
    SPI1_IRQHandler                          0x080001b7   Thumb Code     0  startup_stm32f407xx.o(.text)
    SPI2_IRQHandler                          0x080001b7   Thumb Code     0  startup_stm32f407xx.o(.text)
    SPI3_IRQHandler                          0x080001b7   Thumb Code     0  startup_stm32f407xx.o(.text)
    TAMP_STAMP_IRQHandler                    0x080001b7   Thumb Code     0  startup_stm32f407xx.o(.text)
    TIM1_BRK_TIM9_IRQHandler                 0x080001b7   Thumb Code     0  startup_stm32f407xx.o(.text)
    TIM1_CC_IRQHandler                       0x080001b7   Thumb Code     0  startup_stm32f407xx.o(.text)
    TIM1_TRG_COM_TIM11_IRQHandler            0x080001b7   Thumb Code     0  startup_stm32f407xx.o(.text)
    TIM1_UP_TIM10_IRQHandler                 0x080001b7   Thumb Code     0  startup_stm32f407xx.o(.text)
    TIM3_IRQHandler                          0x080001b7   Thumb Code     0  startup_stm32f407xx.o(.text)
    TIM4_IRQHandler                          0x080001b7   Thumb Code     0  startup_stm32f407xx.o(.text)
    TIM6_DAC_IRQHandler                      0x080001b7   Thumb Code     0  startup_stm32f407xx.o(.text)
    TIM7_IRQHandler                          0x080001b7   Thumb Code     0  startup_stm32f407xx.o(.text)
    TIM8_BRK_TIM12_IRQHandler                0x080001b7   Thumb Code     0  startup_stm32f407xx.o(.text)
    TIM8_CC_IRQHandler                       0x080001b7   Thumb Code     0  startup_stm32f407xx.o(.text)
    TIM8_TRG_COM_TIM14_IRQHandler            0x080001b7   Thumb Code     0  startup_stm32f407xx.o(.text)
    TIM8_UP_TIM13_IRQHandler                 0x080001b7   Thumb Code     0  startup_stm32f407xx.o(.text)
    UART4_IRQHandler                         0x080001b7   Thumb Code     0  startup_stm32f407xx.o(.text)
    UART5_IRQHandler                         0x080001b7   Thumb Code     0  startup_stm32f407xx.o(.text)
    USART2_IRQHandler                        0x080001b7   Thumb Code     0  startup_stm32f407xx.o(.text)
    USART3_IRQHandler                        0x080001b7   Thumb Code     0  startup_stm32f407xx.o(.text)
    USART6_IRQHandler                        0x080001b7   Thumb Code     0  startup_stm32f407xx.o(.text)
    WWDG_IRQHandler                          0x080001b7   Thumb Code     0  startup_stm32f407xx.o(.text)
    __aeabi_uldivmod                         0x080001c1   Thumb Code    98  uldiv.o(.text)
    __aeabi_llsl                             0x08000223   Thumb Code    30  llshl.o(.text)
    _ll_shift_l                              0x08000223   Thumb Code     0  llshl.o(.text)
    __aeabi_memcpy                           0x08000241   Thumb Code    36  memcpya.o(.text)
    __aeabi_memcpy4                          0x08000241   Thumb Code     0  memcpya.o(.text)
    __aeabi_memcpy8                          0x08000241   Thumb Code     0  memcpya.o(.text)
    __aeabi_memset                           0x08000265   Thumb Code    14  memseta.o(.text)
    __aeabi_memset4                          0x08000265   Thumb Code     0  memseta.o(.text)
    __aeabi_memset8                          0x08000265   Thumb Code     0  memseta.o(.text)
    __aeabi_memclr                           0x08000273   Thumb Code     4  memseta.o(.text)
    __aeabi_memclr4                          0x08000273   Thumb Code     0  memseta.o(.text)
    __aeabi_memclr8                          0x08000273   Thumb Code     0  memseta.o(.text)
    _memset$wrapper                          0x08000277   Thumb Code    18  memseta.o(.text)
    __aeabi_dmul                             0x08000289   Thumb Code   228  dmul.o(.text)
    __aeabi_uidiv                            0x0800036d   Thumb Code     0  uidiv.o(.text)
    __aeabi_uidivmod                         0x0800036d   Thumb Code    44  uidiv.o(.text)
    __aeabi_llsr                             0x08000399   Thumb Code    32  llushr.o(.text)
    _ll_ushift_r                             0x08000399   Thumb Code     0  llushr.o(.text)
    __I$use$fp                               0x080003b9   Thumb Code     0  iusefp.o(.text)
    _double_round                            0x080003b9   Thumb Code    30  depilogue.o(.text)
    _double_epilogue                         0x080003d7   Thumb Code   156  depilogue.o(.text)
    __aeabi_dadd                             0x08000473   Thumb Code   322  dadd.o(.text)
    __aeabi_dsub                             0x080005b5   Thumb Code     6  dadd.o(.text)
    __aeabi_drsub                            0x080005bb   Thumb Code     6  dadd.o(.text)
    __aeabi_ddiv                             0x080005c1   Thumb Code   222  ddiv.o(.text)
    __aeabi_d2ulz                            0x0800069f   Thumb Code    48  dfixul.o(.text)
    __aeabi_cdrcmple                         0x080006d1   Thumb Code    48  cdrcmple.o(.text)
    __scatterload                            0x08000701   Thumb Code    28  init.o(.text)
    __scatterload_rt2                        0x08000701   Thumb Code     0  init.o(.text)
    __aeabi_lasr                             0x08000725   Thumb Code    36  llsshr.o(.text)
    _ll_sshift_r                             0x08000725   Thumb Code     0  llsshr.o(.text)
    __decompress                             0x08000749   Thumb Code     0  __dczerorl2.o(.text)
    __decompress1                            0x08000749   Thumb Code    86  __dczerorl2.o(.text)
    BusFault_Handler                         0x080008c5   Thumb Code     2  stm32f4xx_it.o(i.BusFault_Handler)
    DebugMon_Handler                         0x080008c7   Thumb Code     2  stm32f4xx_it.o(i.DebugMon_Handler)
    FATFS_LinkDriver                         0x080008c9   Thumb Code     6  ff_gen_drv.o(i.FATFS_LinkDriver)
    FATFS_LinkDriverEx                       0x080008d1   Thumb Code    58  ff_gen_drv.o(i.FATFS_LinkDriverEx)
    Get_Adc                                  0x08000911   Thumb Code    28  inverter_middlewares.o(i.Get_Adc)
    Get_Adc_Average                          0x08000931   Thumb Code    46  inverter_middlewares.o(i.Get_Adc_Average)
    HAL_ADC_ConfigChannel                    0x08000961   Thumb Code   316  stm32f4xx_hal_adc.o(i.HAL_ADC_ConfigChannel)
    HAL_ADC_GetState                         0x08000aad   Thumb Code     4  stm32f4xx_hal_adc.o(i.HAL_ADC_GetState)
    HAL_ADC_GetValue                         0x08000ab1   Thumb Code     6  stm32f4xx_hal_adc.o(i.HAL_ADC_GetValue)
    HAL_ADC_Init                             0x08000ab7   Thumb Code    84  stm32f4xx_hal_adc.o(i.HAL_ADC_Init)
    HAL_ADC_MspInit                          0x08000b0d   Thumb Code    54  stm32f4xx_hal_msp.o(i.HAL_ADC_MspInit)
    HAL_ADC_Start                            0x08000b51   Thumb Code   170  stm32f4xx_hal_adc.o(i.HAL_ADC_Start)
    HAL_DAC_ConfigChannel                    0x08000c0d   Thumb Code    66  stm32f4xx_hal_dac.o(i.HAL_DAC_ConfigChannel)
    HAL_DAC_Init                             0x08000c4f   Thumb Code    40  stm32f4xx_hal_dac.o(i.HAL_DAC_Init)
    HAL_DAC_MspInit                          0x08000c79   Thumb Code    54  stm32f4xx_hal_msp.o(i.HAL_DAC_MspInit)
    HAL_DAC_SetValue                         0x08000cbd   Thumb Code    26  stm32f4xx_hal_dac.o(i.HAL_DAC_SetValue)
    HAL_DAC_Start                            0x08000cd7   Thumb Code   108  stm32f4xx_hal_dac.o(i.HAL_DAC_Start)
    HAL_DMA_Abort_IT                         0x08000d43   Thumb Code    36  stm32f4xx_hal_dma.o(i.HAL_DMA_Abort_IT)
    HAL_Delay                                0x08000d69   Thumb Code    32  stm32f4xx_hal.o(i.HAL_Delay)
    HAL_GPIO_Init                            0x08000d8d   Thumb Code   388  stm32f4xx_hal_gpio.o(i.HAL_GPIO_Init)
    HAL_GPIO_WritePin                        0x08000f3d   Thumb Code    10  stm32f4xx_hal_gpio.o(i.HAL_GPIO_WritePin)
    HAL_GetTick                              0x08000f49   Thumb Code     6  stm32f4xx_hal.o(i.HAL_GetTick)
    HAL_IncTick                              0x08000f55   Thumb Code    12  stm32f4xx_hal.o(i.HAL_IncTick)
    HAL_Init                                 0x08000f65   Thumb Code    48  stm32f4xx_hal.o(i.HAL_Init)
    HAL_InitTick                             0x08000f99   Thumb Code    54  stm32f4xx_hal.o(i.HAL_InitTick)
    HAL_MspInit                              0x08000fd9   Thumb Code    88  stm32f4xx_hal_msp.o(i.HAL_MspInit)
    HAL_NVIC_EnableIRQ                       0x08001031   Thumb Code    22  stm32f4xx_hal_cortex.o(i.HAL_NVIC_EnableIRQ)
    HAL_NVIC_SetPriority                     0x08001049   Thumb Code    60  stm32f4xx_hal_cortex.o(i.HAL_NVIC_SetPriority)
    HAL_NVIC_SetPriorityGrouping             0x08001089   Thumb Code    26  stm32f4xx_hal_cortex.o(i.HAL_NVIC_SetPriorityGrouping)
    HAL_PCDEx_SetRxFiFo                      0x080010ad   Thumb Code     8  stm32f4xx_hal_pcd_ex.o(i.HAL_PCDEx_SetRxFiFo)
    HAL_PCDEx_SetTxFiFo                      0x080010b5   Thumb Code    68  stm32f4xx_hal_pcd_ex.o(i.HAL_PCDEx_SetTxFiFo)
    HAL_PCD_ConnectCallback                  0x080010f9   Thumb Code     8  usbd_conf.o(i.HAL_PCD_ConnectCallback)
    HAL_PCD_DataInStageCallback              0x08001101   Thumb Code    18  usbd_conf.o(i.HAL_PCD_DataInStageCallback)
    HAL_PCD_DataOutStageCallback             0x08001113   Thumb Code    20  usbd_conf.o(i.HAL_PCD_DataOutStageCallback)
    HAL_PCD_DisconnectCallback               0x08001127   Thumb Code     8  usbd_conf.o(i.HAL_PCD_DisconnectCallback)
    HAL_PCD_EP_Close                         0x0800112f   Thumb Code    68  stm32f4xx_hal_pcd.o(i.HAL_PCD_EP_Close)
    HAL_PCD_EP_ClrStall                      0x08001173   Thumb Code    80  stm32f4xx_hal_pcd.o(i.HAL_PCD_EP_ClrStall)
    HAL_PCD_EP_Flush                         0x080011c3   Thumb Code    52  stm32f4xx_hal_pcd.o(i.HAL_PCD_EP_Flush)
    HAL_PCD_EP_GetRxCount                    0x080011f7   Thumb Code    20  stm32f4xx_hal_pcd.o(i.HAL_PCD_EP_GetRxCount)
    HAL_PCD_EP_Open                          0x0800120b   Thumb Code    84  stm32f4xx_hal_pcd.o(i.HAL_PCD_EP_Open)
    HAL_PCD_EP_Receive                       0x0800125f   Thumb Code    72  stm32f4xx_hal_pcd.o(i.HAL_PCD_EP_Receive)
    HAL_PCD_EP_SetStall                      0x080012a7   Thumb Code    96  stm32f4xx_hal_pcd.o(i.HAL_PCD_EP_SetStall)
    HAL_PCD_EP_Transmit                      0x08001307   Thumb Code    64  stm32f4xx_hal_pcd.o(i.HAL_PCD_EP_Transmit)
    HAL_PCD_IRQHandler                       0x08001349   Thumb Code  1196  stm32f4xx_hal_pcd.o(i.HAL_PCD_IRQHandler)
    HAL_PCD_ISOINIncompleteCallback          0x0800183d   Thumb Code     8  usbd_conf.o(i.HAL_PCD_ISOINIncompleteCallback)
    HAL_PCD_ISOOUTIncompleteCallback         0x08001845   Thumb Code     8  usbd_conf.o(i.HAL_PCD_ISOOUTIncompleteCallback)
    HAL_PCD_Init                             0x0800184d   Thumb Code   190  stm32f4xx_hal_pcd.o(i.HAL_PCD_Init)
    HAL_PCD_MspInit                          0x0800190d   Thumb Code    92  usbd_conf.o(i.HAL_PCD_MspInit)
    HAL_PCD_ResetCallback                    0x08001971   Thumb Code    32  usbd_conf.o(i.HAL_PCD_ResetCallback)
    HAL_PCD_ResumeCallback                   0x08001991   Thumb Code     8  usbd_conf.o(i.HAL_PCD_ResumeCallback)
    HAL_PCD_SOFCallback                      0x08001999   Thumb Code     8  usbd_conf.o(i.HAL_PCD_SOFCallback)
    HAL_PCD_SetAddress                       0x080019a1   Thumb Code    36  stm32f4xx_hal_pcd.o(i.HAL_PCD_SetAddress)
    HAL_PCD_SetupStageCallback               0x080019c5   Thumb Code    14  usbd_conf.o(i.HAL_PCD_SetupStageCallback)
    HAL_PCD_Start                            0x080019d3   Thumb Code    42  stm32f4xx_hal_pcd.o(i.HAL_PCD_Start)
    HAL_PCD_SuspendCallback                  0x080019fd   Thumb Code    44  usbd_conf.o(i.HAL_PCD_SuspendCallback)
    HAL_RCC_ClockConfig                      0x08001a2d   Thumb Code   286  stm32f4xx_hal_rcc.o(i.HAL_RCC_ClockConfig)
    HAL_RCC_GetHCLKFreq                      0x08001b5d   Thumb Code     6  stm32f4xx_hal_rcc.o(i.HAL_RCC_GetHCLKFreq)
    HAL_RCC_GetPCLK1Freq                     0x08001b69   Thumb Code    20  stm32f4xx_hal_rcc.o(i.HAL_RCC_GetPCLK1Freq)
    HAL_RCC_GetPCLK2Freq                     0x08001b89   Thumb Code    20  stm32f4xx_hal_rcc.o(i.HAL_RCC_GetPCLK2Freq)
    HAL_RCC_GetSysClockFreq                  0x08001ba9   Thumb Code    88  stm32f4xx_hal_rcc.o(i.HAL_RCC_GetSysClockFreq)
    HAL_RCC_OscConfig                        0x08001c0d   Thumb Code   770  stm32f4xx_hal_rcc.o(i.HAL_RCC_OscConfig)
    HAL_SPI_Init                             0x08001f29   Thumb Code   128  stm32f4xx_hal_spi.o(i.HAL_SPI_Init)
    HAL_SPI_MspInit                          0x08001fa9   Thumb Code    62  stm32f4xx_hal_msp.o(i.HAL_SPI_MspInit)
    HAL_SPI_Receive                          0x08001ff5   Thumb Code   336  stm32f4xx_hal_spi.o(i.HAL_SPI_Receive)
    HAL_SPI_Transmit                         0x08002145   Thumb Code   360  stm32f4xx_hal_spi.o(i.HAL_SPI_Transmit)
    HAL_SPI_TransmitReceive                  0x080022ad   Thumb Code   472  stm32f4xx_hal_spi.o(i.HAL_SPI_TransmitReceive)
    HAL_SYSTICK_CLKSourceConfig              0x08002485   Thumb Code    24  stm32f4xx_hal_cortex.o(i.HAL_SYSTICK_CLKSourceConfig)
    HAL_SYSTICK_Callback                     0x0800249d   Thumb Code     2  stm32f4xx_hal_cortex.o(i.HAL_SYSTICK_Callback)
    HAL_SYSTICK_Config                       0x0800249f   Thumb Code    40  stm32f4xx_hal_cortex.o(i.HAL_SYSTICK_Config)
    HAL_SYSTICK_IRQHandler                   0x080024c7   Thumb Code     8  stm32f4xx_hal_cortex.o(i.HAL_SYSTICK_IRQHandler)
    HAL_TIMEx_BreakCallback                  0x080024cf   Thumb Code     2  stm32f4xx_hal_tim_ex.o(i.HAL_TIMEx_BreakCallback)
    HAL_TIMEx_CommutationCallback            0x080024d1   Thumb Code     2  stm32f4xx_hal_tim_ex.o(i.HAL_TIMEx_CommutationCallback)
    HAL_TIMEx_MasterConfigSynchronization    0x080024d3   Thumb Code    80  stm32f4xx_hal_tim_ex.o(i.HAL_TIMEx_MasterConfigSynchronization)
    HAL_TIM_Base_Init                        0x08002523   Thumb Code    54  stm32f4xx_hal_tim.o(i.HAL_TIM_Base_Init)
    HAL_TIM_Base_MspInit                     0x08002559   Thumb Code   128  stm32f4xx_hal_msp.o(i.HAL_TIM_Base_MspInit)
    HAL_TIM_Base_Start_IT                    0x080025e5   Thumb Code    24  stm32f4xx_hal_tim.o(i.HAL_TIM_Base_Start_IT)
    HAL_TIM_Base_Stop_IT                     0x080025fd   Thumb Code    42  stm32f4xx_hal_tim.o(i.HAL_TIM_Base_Stop_IT)
    HAL_TIM_ConfigClockSource                0x08002627   Thumb Code   242  stm32f4xx_hal_tim.o(i.HAL_TIM_ConfigClockSource)
    HAL_TIM_IC_CaptureCallback               0x08002719   Thumb Code   112  inverter_irqhandler.o(i.HAL_TIM_IC_CaptureCallback)
    HAL_TIM_IC_ConfigChannel                 0x08002799   Thumb Code   286  stm32f4xx_hal_tim.o(i.HAL_TIM_IC_ConfigChannel)
    HAL_TIM_IC_Init                          0x080028b7   Thumb Code    54  stm32f4xx_hal_tim.o(i.HAL_TIM_IC_Init)
    HAL_TIM_IC_MspInit                       0x080028ed   Thumb Code     2  stm32f4xx_hal_tim.o(i.HAL_TIM_IC_MspInit)
    HAL_TIM_IC_Start_IT                      0x080028ef   Thumb Code    76  stm32f4xx_hal_tim.o(i.HAL_TIM_IC_Start_IT)
    HAL_TIM_IC_Stop_IT                       0x0800293b   Thumb Code    94  stm32f4xx_hal_tim.o(i.HAL_TIM_IC_Stop_IT)
    HAL_TIM_IRQHandler                       0x08002999   Thumb Code   358  stm32f4xx_hal_tim.o(i.HAL_TIM_IRQHandler)
    HAL_TIM_MspPostInit                      0x08002b01   Thumb Code    40  stm32f4xx_hal_msp.o(i.HAL_TIM_MspPostInit)
    HAL_TIM_OC_ConfigChannel                 0x08002b31   Thumb Code    86  stm32f4xx_hal_tim.o(i.HAL_TIM_OC_ConfigChannel)
    HAL_TIM_OC_DelayElapsedCallback          0x08002b87   Thumb Code     2  stm32f4xx_hal_tim.o(i.HAL_TIM_OC_DelayElapsedCallback)
    HAL_TIM_OC_Init                          0x08002b89   Thumb Code    54  stm32f4xx_hal_tim.o(i.HAL_TIM_OC_Init)
    HAL_TIM_OC_MspInit                       0x08002bc1   Thumb Code    30  stm32f4xx_hal_msp.o(i.HAL_TIM_OC_MspInit)
    HAL_TIM_OC_Start                         0x08002be9   Thumb Code    48  stm32f4xx_hal_tim.o(i.HAL_TIM_OC_Start)
    HAL_TIM_OC_Stop                          0x08002c21   Thumb Code    78  stm32f4xx_hal_tim.o(i.HAL_TIM_OC_Stop)
    HAL_TIM_PWM_PulseFinishedCallback        0x08002c79   Thumb Code     2  stm32f4xx_hal_tim.o(i.HAL_TIM_PWM_PulseFinishedCallback)
    HAL_TIM_PeriodElapsedCallback            0x08002c7d   Thumb Code    92  inverter_irqhandler.o(i.HAL_TIM_PeriodElapsedCallback)
    HAL_TIM_TriggerCallback                  0x08002ce9   Thumb Code     2  stm32f4xx_hal_tim.o(i.HAL_TIM_TriggerCallback)
    HAL_UART_ErrorCallback                   0x08002ceb   Thumb Code     2  stm32f4xx_hal_uart.o(i.HAL_UART_ErrorCallback)
    HAL_UART_IRQHandler                      0x08002ced   Thumb Code   266  stm32f4xx_hal_uart.o(i.HAL_UART_IRQHandler)
    HAL_UART_Init                            0x08002dfd   Thumb Code    98  stm32f4xx_hal_uart.o(i.HAL_UART_Init)
    HAL_UART_MspInit                         0x08002e61   Thumb Code    80  stm32f4xx_hal_msp.o(i.HAL_UART_MspInit)
    HAL_UART_Receive_IT                      0x08002ebd   Thumb Code    72  stm32f4xx_hal_uart.o(i.HAL_UART_Receive_IT)
    HAL_UART_RxCpltCallback                  0x08002f05   Thumb Code    66  inverter_irqhandler.o(i.HAL_UART_RxCpltCallback)
    HAL_UART_Transmit                        0x08002f61   Thumb Code   186  stm32f4xx_hal_uart.o(i.HAL_UART_Transmit)
    HAL_UART_TxCpltCallback                  0x0800301b   Thumb Code     2  stm32f4xx_hal_uart.o(i.HAL_UART_TxCpltCallback)
    HardFault_Handler                        0x0800301d   Thumb Code     8  stm32f4xx_it.o(i.HardFault_Handler)
    IsAuxPwmFreq16KHZ                        0x08003039   Thumb Code    54  inverter_test.o(i.IsAuxPwmFreq16KHZ)
    IsCloseAuxPwmFreq16KHZ                   0x0800307d   Thumb Code    52  inverter_test.o(i.IsCloseAuxPwmFreq16KHZ)
    IsCloseInvPwmFreq60HZ                    0x080030bd   Thumb Code    52  inverter_test.o(i.IsCloseInvPwmFreq60HZ)
    IsInvPwmFreq60HZ                         0x080030fd   Thumb Code    62  inverter_test.o(i.IsInvPwmFreq60HZ)
    LAOD_VOL_Output                          0x08003149   Thumb Code    28  inverter_gpio.o(i.LAOD_VOL_Output)
    MCU_Vbus_Output                          0x08003169   Thumb Code     2  inverter_gpio.o(i.MCU_Vbus_Output)
    MCU_Vinv_Output                          0x0800316d   Thumb Code    18  inverter_gpio.o(i.MCU_Vinv_Output)
    MSC_BOT_CplClrFeature                    0x08003295   Thumb Code    42  usbd_msc_bot.o(i.MSC_BOT_CplClrFeature)
    MSC_BOT_DataIn                           0x080032bf   Thumb Code    58  usbd_msc_bot.o(i.MSC_BOT_DataIn)
    MSC_BOT_DataOut                          0x080032f9   Thumb Code    58  usbd_msc_bot.o(i.MSC_BOT_DataOut)
    MSC_BOT_DeInit                           0x08003333   Thumb Code    10  usbd_msc_bot.o(i.MSC_BOT_DeInit)
    MSC_BOT_Init                             0x0800333d   Thumb Code    66  usbd_msc_bot.o(i.MSC_BOT_Init)
    MSC_BOT_Reset                            0x0800337f   Thumb Code    22  usbd_msc_bot.o(i.MSC_BOT_Reset)
    MSC_BOT_SendCSW                          0x08003395   Thumb Code    54  usbd_msc_bot.o(i.MSC_BOT_SendCSW)
    MX_FATFS_Init                            0x08003421   Thumb Code    18  fatfs.o(i.MX_FATFS_Init)
    MX_USB_DEVICE_Init                       0x080036ad   Thumb Code    38  usb_device.o(i.MX_USB_DEVICE_Init)
    MemManage_Handler                        0x080036e5   Thumb Code     2  stm32f4xx_it.o(i.MemManage_Handler)
    NMI_Handler                              0x080036e7   Thumb Code     2  stm32f4xx_it.o(i.NMI_Handler)
    OTG_FS_IRQHandler                        0x08003709   Thumb Code     6  stm32f4xx_it.o(i.OTG_FS_IRQHandler)
    PendSV_Handler                           0x0800379d   Thumb Code     2  stm32f4xx_it.o(i.PendSV_Handler)
    SCSI_ProcessCmd                          0x080037c1   Thumb Code   448  usbd_msc_scsi.o(i.SCSI_ProcessCmd)
    SCSI_SenseCode                           0x08003c1f   Thumb Code    54  usbd_msc_scsi.o(i.SCSI_SenseCode)
    SVC_Handler                              0x08003eb9   Thumb Code     2  stm32f4xx_it.o(i.SVC_Handler)
    SysTick_Handler                          0x08003ebb   Thumb Code    14  stm32f4xx_it.o(i.SysTick_Handler)
    SystemClock_Config                       0x08003ec9   Thumb Code   146  main.o(i.SystemClock_Config)
    SystemInit                               0x08003f65   Thumb Code    66  system_stm32f4xx.o(i.SystemInit)
    TEMP_NTC_Output_Abnormal                 0x08003fb9   Thumb Code    30  inverter_gpio.o(i.TEMP_NTC_Output_Abnormal)
    TEMP_NTC_Output_Normal                   0x08003fdd   Thumb Code    30  inverter_gpio.o(i.TEMP_NTC_Output_Normal)
    TEST_Init                                0x08004001   Thumb Code    30  inverter_test.o(i.TEST_Init)
    TEST_Proc                                0x08004025   Thumb Code    82  inverter_test.o(i.TEST_Proc)
    TIM2_IRQHandler                          0x0800407d   Thumb Code     6  stm32f4xx_it.o(i.TIM2_IRQHandler)
    TIM5_IRQHandler                          0x08004089   Thumb Code     6  stm32f4xx_it.o(i.TIM5_IRQHandler)
    TIM_Base_SetConfig                       0x08004095   Thumb Code   148  stm32f4xx_hal_tim.o(i.TIM_Base_SetConfig)
    TIM_CCxChannelCmd                        0x08004155   Thumb Code    22  stm32f4xx_hal_tim.o(i.TIM_CCxChannelCmd)
    TIM_OC2_SetConfig                        0x080041e9   Thumb Code    90  stm32f4xx_hal_tim.o(i.TIM_OC2_SetConfig)
    TIM_TI1_SetConfig                        0x08004321   Thumb Code   104  stm32f4xx_hal_tim.o(i.TIM_TI1_SetConfig)
    TestBoardPowerOff                        0x08004401   Thumb Code    10  inverter_gpio.o(i.TestBoardPowerOff)
    TestBoardPowerOn                         0x08004411   Thumb Code    10  inverter_gpio.o(i.TestBoardPowerOn)
    USART1_IRQHandler                        0x0800484d   Thumb Code     6  stm32f4xx_it.o(i.USART1_IRQHandler)
    USBD_ClrClassConfig                      0x08004859   Thumb Code    14  usbd_core.o(i.USBD_ClrClassConfig)
    USBD_CtlContinueRx                       0x08004867   Thumb Code    16  usbd_ioreq.o(i.USBD_CtlContinueRx)
    USBD_CtlContinueSendData                 0x08004877   Thumb Code    16  usbd_ioreq.o(i.USBD_CtlContinueSendData)
    USBD_CtlError                            0x08004887   Thumb Code    22  usbd_ctlreq.o(i.USBD_CtlError)
    USBD_CtlReceiveStatus                    0x0800489d   Thumb Code    22  usbd_ioreq.o(i.USBD_CtlReceiveStatus)
    USBD_CtlSendData                         0x080048b3   Thumb Code    26  usbd_ioreq.o(i.USBD_CtlSendData)
    USBD_CtlSendStatus                       0x080048cd   Thumb Code    22  usbd_ioreq.o(i.USBD_CtlSendStatus)
    USBD_FS_ConfigStrDescriptor              0x080048e5   Thumb Code    16  usbd_desc.o(i.USBD_FS_ConfigStrDescriptor)
    USBD_FS_DeviceDescriptor                 0x08004905   Thumb Code     8  usbd_desc.o(i.USBD_FS_DeviceDescriptor)
    USBD_FS_InterfaceStrDescriptor           0x08004911   Thumb Code    16  usbd_desc.o(i.USBD_FS_InterfaceStrDescriptor)
    USBD_FS_LangIDStrDescriptor              0x08004935   Thumb Code     8  usbd_desc.o(i.USBD_FS_LangIDStrDescriptor)
    USBD_FS_ManufacturerStrDescriptor        0x08004941   Thumb Code    16  usbd_desc.o(i.USBD_FS_ManufacturerStrDescriptor)
    USBD_FS_ProductStrDescriptor             0x08004969   Thumb Code    16  usbd_desc.o(i.USBD_FS_ProductStrDescriptor)
    USBD_FS_SerialStrDescriptor              0x08004991   Thumb Code    16  usbd_desc.o(i.USBD_FS_SerialStrDescriptor)
    USBD_GetString                           0x08004a95   Thumb Code    70  usbd_ctlreq.o(i.USBD_GetString)
    USBD_Init                                0x08004adb   Thumb Code    42  usbd_core.o(i.USBD_Init)
    USBD_LL_ClearStallEP                     0x08004b05   Thumb Code    32  usbd_conf.o(i.USBD_LL_ClearStallEP)
    USBD_LL_CloseEP                          0x08004b25   Thumb Code    32  usbd_conf.o(i.USBD_LL_CloseEP)
    USBD_LL_DataInStage                      0x08004b45   Thumb Code   170  usbd_core.o(i.USBD_LL_DataInStage)
    USBD_LL_DataOutStage                     0x08004bef   Thumb Code   106  usbd_core.o(i.USBD_LL_DataOutStage)
    USBD_LL_DevConnected                     0x08004c59   Thumb Code     4  usbd_core.o(i.USBD_LL_DevConnected)
    USBD_LL_DevDisconnected                  0x08004c5d   Thumb Code    22  usbd_core.o(i.USBD_LL_DevDisconnected)
    USBD_LL_FlushEP                          0x08004c73   Thumb Code    32  usbd_conf.o(i.USBD_LL_FlushEP)
    USBD_LL_GetRxDataSize                    0x08004c93   Thumb Code     8  usbd_conf.o(i.USBD_LL_GetRxDataSize)
    USBD_LL_Init                             0x08004c9d   Thumb Code    98  usbd_conf.o(i.USBD_LL_Init)
    USBD_LL_IsStallEP                        0x08004d19   Thumb Code    32  usbd_conf.o(i.USBD_LL_IsStallEP)
    USBD_LL_IsoINIncomplete                  0x08004d39   Thumb Code     4  usbd_core.o(i.USBD_LL_IsoINIncomplete)
    USBD_LL_IsoOUTIncomplete                 0x08004d3d   Thumb Code     4  usbd_core.o(i.USBD_LL_IsoOUTIncomplete)
    USBD_LL_OpenEP                           0x08004d41   Thumb Code    38  usbd_conf.o(i.USBD_LL_OpenEP)
    USBD_LL_PrepareReceive                   0x08004d67   Thumb Code    32  usbd_conf.o(i.USBD_LL_PrepareReceive)
    USBD_LL_Reset                            0x08004d87   Thumb Code    62  usbd_core.o(i.USBD_LL_Reset)
    USBD_LL_Resume                           0x08004dc5   Thumb Code    12  usbd_core.o(i.USBD_LL_Resume)
    USBD_LL_SOF                              0x08004dd1   Thumb Code    24  usbd_core.o(i.USBD_LL_SOF)
    USBD_LL_SetSpeed                         0x08004de9   Thumb Code     6  usbd_core.o(i.USBD_LL_SetSpeed)
    USBD_LL_SetUSBAddress                    0x08004def   Thumb Code    32  usbd_conf.o(i.USBD_LL_SetUSBAddress)
    USBD_LL_SetupStage                       0x08004e0f   Thumb Code    90  usbd_core.o(i.USBD_LL_SetupStage)
    USBD_LL_StallEP                          0x08004e69   Thumb Code    32  usbd_conf.o(i.USBD_LL_StallEP)
    USBD_LL_Start                            0x08004e89   Thumb Code    32  usbd_conf.o(i.USBD_LL_Start)
    USBD_LL_Suspend                          0x08004ea9   Thumb Code    18  usbd_core.o(i.USBD_LL_Suspend)
    USBD_LL_Transmit                         0x08004ebb   Thumb Code    32  usbd_conf.o(i.USBD_LL_Transmit)
    USBD_MSC_DataIn                          0x08004edb   Thumb Code    10  usbd_msc.o(i.USBD_MSC_DataIn)
    USBD_MSC_DataOut                         0x08004ee5   Thumb Code    10  usbd_msc.o(i.USBD_MSC_DataOut)
    USBD_MSC_DeInit                          0x08004eef   Thumb Code    44  usbd_msc.o(i.USBD_MSC_DeInit)
    USBD_MSC_GetDeviceQualifierDescriptor    0x08004f1d   Thumb Code     8  usbd_msc.o(i.USBD_MSC_GetDeviceQualifierDescriptor)
    USBD_MSC_GetFSCfgDesc                    0x08004f29   Thumb Code     8  usbd_msc.o(i.USBD_MSC_GetFSCfgDesc)
    USBD_MSC_GetHSCfgDesc                    0x08004f35   Thumb Code     8  usbd_msc.o(i.USBD_MSC_GetHSCfgDesc)
    USBD_MSC_GetOtherSpeedCfgDesc            0x08004f41   Thumb Code     8  usbd_msc.o(i.USBD_MSC_GetOtherSpeedCfgDesc)
    USBD_MSC_Init                            0x08004f4d   Thumb Code    82  usbd_msc.o(i.USBD_MSC_Init)
    USBD_MSC_RegisterStorage                 0x08004f9f   Thumb Code    10  usbd_msc.o(i.USBD_MSC_RegisterStorage)
    USBD_MSC_Setup                           0x08004fa9   Thumb Code   194  usbd_msc.o(i.USBD_MSC_Setup)
    USBD_ParseSetupRequest                   0x0800506b   Thumb Code    40  usbd_ctlreq.o(i.USBD_ParseSetupRequest)
    USBD_RegisterClass                       0x08005093   Thumb Code    16  usbd_core.o(i.USBD_RegisterClass)
    USBD_SetClassConfig                      0x080050a3   Thumb Code    22  usbd_core.o(i.USBD_SetClassConfig)
    USBD_Start                               0x0800512d   Thumb Code    10  usbd_core.o(i.USBD_Start)
    USBD_StdDevReq                           0x08005137   Thumb Code   242  usbd_ctlreq.o(i.USBD_StdDevReq)
    USBD_StdEPReq                            0x08005229   Thumb Code   220  usbd_ctlreq.o(i.USBD_StdEPReq)
    USBD_StdItfReq                           0x08005305   Thumb Code    52  usbd_ctlreq.o(i.USBD_StdItfReq)
    USB_ActivateEndpoint                     0x08005339   Thumb Code   122  stm32f4xx_ll_usb.o(i.USB_ActivateEndpoint)
    USB_ActivateSetup                        0x080053b9   Thumb Code    52  stm32f4xx_ll_usb.o(i.USB_ActivateSetup)
    USB_CoreInit                             0x080053ed   Thumb Code   104  stm32f4xx_ll_usb.o(i.USB_CoreInit)
    USB_DeactivateEndpoint                   0x08005491   Thumb Code   196  stm32f4xx_ll_usb.o(i.USB_DeactivateEndpoint)
    USB_DevConnect                           0x08005559   Thumb Code    24  stm32f4xx_ll_usb.o(i.USB_DevConnect)
    USB_DevDisconnect                        0x08005571   Thumb Code    24  stm32f4xx_ll_usb.o(i.USB_DevDisconnect)
    USB_DevInit                              0x08005589   Thumb Code   302  stm32f4xx_ll_usb.o(i.USB_DevInit)
    USB_DisableGlobalInt                     0x080056c9   Thumb Code    12  stm32f4xx_ll_usb.o(i.USB_DisableGlobalInt)
    USB_EP0StartXfer                         0x080056d5   Thumb Code   316  stm32f4xx_ll_usb.o(i.USB_EP0StartXfer)
    USB_EP0_OutStart                         0x08005815   Thumb Code    62  stm32f4xx_ll_usb.o(i.USB_EP0_OutStart)
    USB_EPClearStall                         0x08005853   Thumb Code   100  stm32f4xx_ll_usb.o(i.USB_EPClearStall)
    USB_EPSetStall                           0x080058b7   Thumb Code    94  stm32f4xx_ll_usb.o(i.USB_EPSetStall)
    USB_EPStartXfer                          0x08005915   Thumb Code   534  stm32f4xx_ll_usb.o(i.USB_EPStartXfer)
    USB_EnableGlobalInt                      0x08005b31   Thumb Code    12  stm32f4xx_ll_usb.o(i.USB_EnableGlobalInt)
    USB_FlushRxFifo                          0x08005b3d   Thumb Code    28  stm32f4xx_ll_usb.o(i.USB_FlushRxFifo)
    USB_FlushTxFifo                          0x08005b5d   Thumb Code    32  stm32f4xx_ll_usb.o(i.USB_FlushTxFifo)
    USB_GetDevSpeed                          0x08005b81   Thumb Code    60  stm32f4xx_ll_usb.o(i.USB_GetDevSpeed)
    USB_GetMode                              0x08005bbd   Thumb Code     8  stm32f4xx_ll_usb.o(i.USB_GetMode)
    USB_ReadDevAllInEpInterrupt              0x08005bc5   Thumb Code    14  stm32f4xx_ll_usb.o(i.USB_ReadDevAllInEpInterrupt)
    USB_ReadDevAllOutEpInterrupt             0x08005bd3   Thumb Code    14  stm32f4xx_ll_usb.o(i.USB_ReadDevAllOutEpInterrupt)
    USB_ReadDevInEPInterrupt                 0x08005be1   Thumb Code    30  stm32f4xx_ll_usb.o(i.USB_ReadDevInEPInterrupt)
    USB_ReadDevOutEPInterrupt                0x08005bff   Thumb Code    16  stm32f4xx_ll_usb.o(i.USB_ReadDevOutEPInterrupt)
    USB_ReadInterrupts                       0x08005c0f   Thumb Code     8  stm32f4xx_ll_usb.o(i.USB_ReadInterrupts)
    USB_ReadPacket                           0x08005c17   Thumb Code    32  stm32f4xx_ll_usb.o(i.USB_ReadPacket)
    USB_SetCurrentMode                       0x08005c37   Thumb Code    44  stm32f4xx_ll_usb.o(i.USB_SetCurrentMode)
    USB_SetDevAddress                        0x08005c63   Thumb Code    34  stm32f4xx_ll_usb.o(i.USB_SetDevAddress)
    USB_WritePacket                          0x08005c85   Thumb Code    40  stm32f4xx_ll_usb.o(i.USB_WritePacket)
    USER_initialize                          0x08005cad   Thumb Code    14  user_diskio.o(i.USER_initialize)
    USER_ioctl                               0x08005cc1   Thumb Code    38  user_diskio.o(i.USER_ioctl)
    USER_read                                0x08005ce9   Thumb Code    24  user_diskio.o(i.USER_read)
    USER_status                              0x08005d05   Thumb Code    14  user_diskio.o(i.USER_status)
    USER_write                               0x08005d19   Thumb Code    82  user_diskio.o(i.USER_write)
    Uart1DataCRC16                           0x08005d71   Thumb Code    46  inverter_test.o(i.Uart1DataCRC16)
    Uart1DataFrameParse                      0x08005da1   Thumb Code   148  inverter_test.o(i.Uart1DataFrameParse)
    UsageFault_Handler                       0x08005e39   Thumb Code     2  stm32f4xx_it.o(i.UsageFault_Handler)
    Usart1_Iint                              0x08005e3d   Thumb Code    20  inverter_middlewares.o(i.Usart1_Iint)
    Usart1_readByte                          0x08005e59   Thumb Code    52  inverter_middlewares.o(i.Usart1_readByte)
    _Error_Handler                           0x08005e95   Thumb Code     2  main.o(i._Error_Handler)
    __0printf                                0x08005e99   Thumb Code    22  printfa.o(i.__0printf)
    __1printf                                0x08005e99   Thumb Code     0  printfa.o(i.__0printf)
    __2printf                                0x08005e99   Thumb Code     0  printfa.o(i.__0printf)
    __c89printf                              0x08005e99   Thumb Code     0  printfa.o(i.__0printf)
    printf                                   0x08005e99   Thumb Code     0  printfa.o(i.__0printf)
    __0vsnprintf                             0x08005eb9   Thumb Code    40  printfa.o(i.__0vsnprintf)
    __1vsnprintf                             0x08005eb9   Thumb Code     0  printfa.o(i.__0vsnprintf)
    __2vsnprintf                             0x08005eb9   Thumb Code     0  printfa.o(i.__0vsnprintf)
    __c89vsnprintf                           0x08005eb9   Thumb Code     0  printfa.o(i.__0vsnprintf)
    vsnprintf                                0x08005eb9   Thumb Code     0  printfa.o(i.__0vsnprintf)
    __scatterload_copy                       0x08005ee5   Thumb Code    14  handlers.o(i.__scatterload_copy)
    __scatterload_null                       0x08005ef3   Thumb Code     2  handlers.o(i.__scatterload_null)
    __scatterload_zeroinit                   0x08005ef5   Thumb Code    14  handlers.o(i.__scatterload_zeroinit)
    fputc                                    0x080069e1   Thumb Code    26  retarget_io.o(i.fputc)
    free                                     0x08006a05   Thumb Code    76  malloc.o(i.free)
    i_LIMIT_Output                           0x08006cdd   Thumb Code    18  inverter_gpio.o(i.i_LIMIT_Output)
    main                                     0x08006cf5   Thumb Code   138  main.o(i.main)
    malloc                                   0x08006e5d   Thumb Code    92  malloc.o(i.malloc)
    open_loop_test                           0x08006ec9   Thumb Code   100  inverter_test.o(i.open_loop_test)
    over_temprature_test                     0x08006f31   Thumb Code   188  inverter_test.o(i.over_temprature_test)
    overload_test                            0x08006ff1   Thumb Code   140  inverter_test.o(i.overload_test)
    set_test_stop                            0x08007f4d   Thumb Code    10  inverter_test.o(i.set_test_stop)
    sfud_chip_erase                          0x0800803d   Thumb Code   206  sfud.o(i.sfud_chip_erase)
    sfud_delay                               0x08008199   Thumb Code    34  sfud_port.o(i.sfud_delay)
    sfud_device_init                         0x080081bd   Thumb Code    80  sfud.o(i.sfud_device_init)
    sfud_erase                               0x080082ad   Thumb Code   358  sfud.o(i.sfud_erase)
    sfud_erase_write                         0x080084c5   Thumb Code    40  sfud.o(i.sfud_erase_write)
    sfud_get_device                          0x080084ed   Thumb Code    10  sfud.o(i.sfud_get_device)
    sfud_init                                0x080084fd   Thumb Code    44  sfud.o(i.sfud_init)
    sfud_log_debug                           0x0800858d   Thumb Code    44  sfud_port.o(i.sfud_log_debug)
    sfud_log_info                            0x080085d1   Thumb Code    40  sfud_port.o(i.sfud_log_info)
    sfud_read                                0x08008609   Thumb Code   228  sfud.o(i.sfud_read)
    sfud_read_sfdp                           0x08008779   Thumb Code    78  sfud_sfdp.o(i.sfud_read_sfdp)
    sfud_read_status                         0x0800881d   Thumb Code   106  sfud.o(i.sfud_read_status)
    sfud_sfdp_get_suitable_eraser            0x080088dd   Thumb Code   102  sfud_sfdp.o(i.sfud_sfdp_get_suitable_eraser)
    sfud_spi_port_init                       0x080089a5   Thumb Code    20  sfud_port.o(i.sfud_spi_port_init)
    sfud_write                               0x080089c1   Thumb Code    42  sfud.o(i.sfud_write)
    sfud_write_status                        0x080089ed   Thumb Code   128  sfud.o(i.sfud_write_status)
    short_circuit_test                       0x08008ae1   Thumb Code   186  inverter_test.o(i.short_circuit_test)
    stderr_putchar                           0x08008bf1   Thumb Code    24  stdio_stm32.o(i.stderr_putchar)
    stdout_putchar                           0x08008c0d   Thumb Code    24  stdio_stm32.o(i.stdout_putchar)
    test_stop                                0x08008c29   Thumb Code    42  inverter_test.o(i.test_stop)
    STORAGE_Inquirydata_FS                   0x08008d8c   Data          36  usbd_storage_if.o(.constdata)
    AHBPrescTable                            0x08008db0   Data          16  system_stm32f4xx.o(.constdata)
    APBPrescTable                            0x08008dc0   Data           8  system_stm32f4xx.o(.constdata)
    MSC_Page00_Inquiry_Data                  0x08008dc8   Data           7  usbd_msc_data.o(.constdata)
    MSC_Mode_Sense6_data                     0x08008dcf   Data           8  usbd_msc_data.o(.constdata)
    MSC_Mode_Sense10_data                    0x08008dd7   Data           8  usbd_msc_data.o(.constdata)
    Region$$Table$$Base                      0x0800964c   Number         0  anon$$obj.o(Region$$Table)
    Region$$Table$$Limit                     0x0800966c   Number         0  anon$$obj.o(Region$$Table)
    uwTickFreq                               0x20000000   Data           1  stm32f4xx_hal.o(.data)
    uwTickPrio                               0x20000004   Data           4  stm32f4xx_hal.o(.data)
    uwTick                                   0x20000008   Data           4  stm32f4xx_hal.o(.data)
    hflash1                                  0x2000000c   Data           4  main.o(.data)
    USBD_Storage_Interface_fops_FS           0x20000010   Data          32  usbd_storage_if.o(.data)
    USER_Driver                              0x20000034   Data          20  user_diskio.o(.data)
    FS_Desc                                  0x20000048   Data          28  usbd_desc.o(.data)
    USBD_LangIDDesc                          0x20000064   Data           4  usbd_desc.o(.data)
    USBD_FS_DeviceDesc                       0x20000068   Data          18  usbd_desc.o(.data)
    retUSER                                  0x2000007a   Data           1  fatfs.o(.data)
    USERPath                                 0x2000007b   Data           4  fatfs.o(.data)
    SystemCoreClock                          0x20000080   Data           4  system_stm32f4xx.o(.data)
    USBD_MSC                                 0x20000088   Data          56  usbd_msc.o(.data)
    USBD_MSC_CfgHSDesc                       0x200000c0   Data          32  usbd_msc.o(.data)
    USBD_MSC_CfgFSDesc                       0x200000e0   Data          32  usbd_msc.o(.data)
    USBD_MSC_OtherSpeedCfgDesc               0x20000100   Data          32  usbd_msc.o(.data)
    USBD_MSC_DeviceQualifierDesc             0x20000120   Data          10  usbd_msc.o(.data)
    TIM2CH1_CAPTURE_STA                      0x200001a0   Data           1  inverter_irqhandler.o(.data)
    TIM5CH1_CAPTURE_STA                      0x200001a1   Data           1  inverter_irqhandler.o(.data)
    TIM2CH1_CAPTURE_VAL                      0x200001a4   Data           4  inverter_irqhandler.o(.data)
    TIM5CH1_CAPTURE_VAL                      0x200001a8   Data           4  inverter_irqhandler.o(.data)
    RxData                                   0x200001ac   Data           1  inverter_middlewares.o(.data)
    USART_RX_STA                             0x200001ae   Data           2  inverter_middlewares.o(.data)
    UART1_Rev                                0x200001b0   Data           2  inverter_middlewares.o(.data)
    TEST_STEP                                0x200001b2   Data           1  inverter_test.o(.data)
    sub_test_step                            0x200001b3   Data           1  inverter_test.o(.data)
    sub_tset_stop_step                       0x200001b7   Data           1  inverter_test.o(.data)
    __stdout                                 0x200001b8   Data           4  stdout.o(.data)
    __stderr                                 0x200001bc   Data           4  stderr.o(.data)
    __microlib_freelist                      0x200001c0   Data           4  mvars.o(.data)
    __microlib_freelist_initialised          0x200001c4   Data           4  mvars.o(.data)
    disk                                     0x200001c8   Data          12  ff_gen_drv.o(.bss)
    hadc1                                    0x200001d4   Data          72  main.o(.bss)
    hdac                                     0x2000021c   Data          20  main.o(.bss)
    hspi1                                    0x20000230   Data          88  main.o(.bss)
    htim2                                    0x20000288   Data          60  main.o(.bss)
    htim4                                    0x200002c4   Data          60  main.o(.bss)
    htim5                                    0x20000300   Data          60  main.o(.bss)
    huart1                                   0x2000033c   Data          64  main.o(.bss)
    hpcd_USB_OTG_FS                          0x2000037c   Data        1008  usbd_conf.o(.bss)
    USBD_StrDesc                             0x2000076c   Data         512  usbd_desc.o(.bss)
    hUsbDeviceFS                             0x2000096c   Data         548  usb_device.o(.bss)
    USART_RX_BUF                             0x20000c90   Data         200  inverter_middlewares.o(.bss)
    __heap_base                              0x20000d58   Data           0  startup_stm32f407xx.o(HEAP)
    __heap_limit                             0x2000ad58   Data           0  startup_stm32f407xx.o(HEAP)
    __initial_sp                             0x2000fd58   Data           0  startup_stm32f407xx.o(STACK)



==============================================================================

Memory Map of the image

  Image Entry point : 0x08000189

  Load Region LR_IROM1 (Base: 0x08000000, Size: 0x00009834, Max: 0x00080000, ABSOLUTE, COMPRESSED[0x00009728])

    Execution Region ER_IROM1 (Base: 0x08000000, Size: 0x0000966c, Max: 0x00080000, ABSOLUTE)

    Base Addr    Size         Type   Attr      Idx    E Section Name        Object

    0x08000000   0x00000188   Data   RO            3    RESET               startup_stm32f407xx.o
    0x08000188   0x00000000   Code   RO         7529  * .ARM.Collect$$$$00000000  mc_w.l(entry.o)
    0x08000188   0x00000004   Code   RO         7864    .ARM.Collect$$$$00000001  mc_w.l(entry2.o)
    0x0800018c   0x00000004   Code   RO         7867    .ARM.Collect$$$$00000004  mc_w.l(entry5.o)
    0x08000190   0x00000000   Code   RO         7869    .ARM.Collect$$$$00000008  mc_w.l(entry7b.o)
    0x08000190   0x00000000   Code   RO         7871    .ARM.Collect$$$$0000000A  mc_w.l(entry8b.o)
    0x08000190   0x00000008   Code   RO         7872    .ARM.Collect$$$$0000000B  mc_w.l(entry9a.o)
    0x08000198   0x00000000   Code   RO         7874    .ARM.Collect$$$$0000000D  mc_w.l(entry10a.o)
    0x08000198   0x00000000   Code   RO         7876    .ARM.Collect$$$$0000000F  mc_w.l(entry11a.o)
    0x08000198   0x00000004   Code   RO         7865    .ARM.Collect$$$$00002712  mc_w.l(entry2.o)
    0x0800019c   0x00000024   Code   RO            4    .text               startup_stm32f407xx.o
    0x080001c0   0x00000062   Code   RO         7539    .text               mc_w.l(uldiv.o)
    0x08000222   0x0000001e   Code   RO         7541    .text               mc_w.l(llshl.o)
    0x08000240   0x00000024   Code   RO         7543    .text               mc_w.l(memcpya.o)
    0x08000264   0x00000024   Code   RO         7545    .text               mc_w.l(memseta.o)
    0x08000288   0x000000e4   Code   RO         7858    .text               mf_w.l(dmul.o)
    0x0800036c   0x0000002c   Code   RO         7878    .text               mc_w.l(uidiv.o)
    0x08000398   0x00000020   Code   RO         7880    .text               mc_w.l(llushr.o)
    0x080003b8   0x00000000   Code   RO         7929    .text               mc_w.l(iusefp.o)
    0x080003b8   0x000000ba   Code   RO         7930    .text               mf_w.l(depilogue.o)
    0x08000472   0x0000014e   Code   RO         7932    .text               mf_w.l(dadd.o)
    0x080005c0   0x000000de   Code   RO         7934    .text               mf_w.l(ddiv.o)
    0x0800069e   0x00000030   Code   RO         7936    .text               mf_w.l(dfixul.o)
    0x080006ce   0x00000002   PAD
    0x080006d0   0x00000030   Code   RO         7938    .text               mf_w.l(cdrcmple.o)
    0x08000700   0x00000024   Code   RO         7940    .text               mc_w.l(init.o)
    0x08000724   0x00000024   Code   RO         7942    .text               mc_w.l(llsshr.o)
    0x08000748   0x00000056   Code   RO         7959    .text               mc_w.l(__dczerorl2.o)
    0x0800079e   0x00000002   PAD
    0x080007a0   0x00000124   Code   RO         3772    i.ADC_Init          stm32f4xx_hal_adc.o
    0x080008c4   0x00000002   Code   RO         4944    i.BusFault_Handler  stm32f4xx_it.o
    0x080008c6   0x00000002   Code   RO         4945    i.DebugMon_Handler  stm32f4xx_it.o
    0x080008c8   0x00000006   Code   RO          601    i.FATFS_LinkDriver  ff_gen_drv.o
    0x080008ce   0x00000002   PAD
    0x080008d0   0x00000040   Code   RO          602    i.FATFS_LinkDriverEx  ff_gen_drv.o
    0x08000910   0x00000020   Code   RO         7321    i.Get_Adc           inverter_middlewares.o
    0x08000930   0x0000002e   Code   RO         7322    i.Get_Adc_Average   inverter_middlewares.o
    0x0800095e   0x00000002   PAD
    0x08000960   0x0000014c   Code   RO         3774    i.HAL_ADC_ConfigChannel  stm32f4xx_hal_adc.o
    0x08000aac   0x00000004   Code   RO         3780    i.HAL_ADC_GetState  stm32f4xx_hal_adc.o
    0x08000ab0   0x00000006   Code   RO         3781    i.HAL_ADC_GetValue  stm32f4xx_hal_adc.o
    0x08000ab6   0x00000054   Code   RO         3783    i.HAL_ADC_Init      stm32f4xx_hal_adc.o
    0x08000b0a   0x00000002   PAD
    0x08000b0c   0x00000044   Code   RO         4671    i.HAL_ADC_MspInit   stm32f4xx_hal_msp.o
    0x08000b50   0x000000bc   Code   RO         3789    i.HAL_ADC_Start     stm32f4xx_hal_adc.o
    0x08000c0c   0x00000042   Code   RO         4047    i.HAL_DAC_ConfigChannel  stm32f4xx_hal_dac.o
    0x08000c4e   0x00000028   Code   RO         4057    i.HAL_DAC_Init      stm32f4xx_hal_dac.o
    0x08000c76   0x00000002   PAD
    0x08000c78   0x00000044   Code   RO         4673    i.HAL_DAC_MspInit   stm32f4xx_hal_msp.o
    0x08000cbc   0x0000001a   Code   RO         4060    i.HAL_DAC_SetValue  stm32f4xx_hal_dac.o
    0x08000cd6   0x0000006c   Code   RO         4061    i.HAL_DAC_Start     stm32f4xx_hal_dac.o
    0x08000d42   0x00000024   Code   RO         1330    i.HAL_DMA_Abort_IT  stm32f4xx_hal_dma.o
    0x08000d66   0x00000002   PAD
    0x08000d68   0x00000024   Code   RO         3288    i.HAL_Delay         stm32f4xx_hal.o
    0x08000d8c   0x000001b0   Code   RO         1435    i.HAL_GPIO_Init     stm32f4xx_hal_gpio.o
    0x08000f3c   0x0000000a   Code   RO         1439    i.HAL_GPIO_WritePin  stm32f4xx_hal_gpio.o
    0x08000f46   0x00000002   PAD
    0x08000f48   0x0000000c   Code   RO         3294    i.HAL_GetTick       stm32f4xx_hal.o
    0x08000f54   0x00000010   Code   RO         3298    i.HAL_IncTick       stm32f4xx_hal.o
    0x08000f64   0x00000034   Code   RO         3299    i.HAL_Init          stm32f4xx_hal.o
    0x08000f98   0x00000040   Code   RO         3300    i.HAL_InitTick      stm32f4xx_hal.o
    0x08000fd8   0x00000058   Code   RO         4674    i.HAL_MspInit       stm32f4xx_hal_msp.o
    0x08001030   0x00000016   Code   RO         2583    i.HAL_NVIC_EnableIRQ  stm32f4xx_hal_cortex.o
    0x08001046   0x00000002   PAD
    0x08001048   0x00000040   Code   RO         2589    i.HAL_NVIC_SetPriority  stm32f4xx_hal_cortex.o
    0x08001088   0x00000024   Code   RO         2590    i.HAL_NVIC_SetPriorityGrouping  stm32f4xx_hal_cortex.o
    0x080010ac   0x00000008   Code   RO         2548    i.HAL_PCDEx_SetRxFiFo  stm32f4xx_hal_pcd_ex.o
    0x080010b4   0x00000044   Code   RO         2549    i.HAL_PCDEx_SetTxFiFo  stm32f4xx_hal_pcd_ex.o
    0x080010f8   0x00000008   Code   RO         4481    i.HAL_PCD_ConnectCallback  usbd_conf.o
    0x08001100   0x00000012   Code   RO         4482    i.HAL_PCD_DataInStageCallback  usbd_conf.o
    0x08001112   0x00000014   Code   RO         4483    i.HAL_PCD_DataOutStageCallback  usbd_conf.o
    0x08001126   0x00000008   Code   RO         4484    i.HAL_PCD_DisconnectCallback  usbd_conf.o
    0x0800112e   0x00000044   Code   RO         2961    i.HAL_PCD_EP_Close  stm32f4xx_hal_pcd.o
    0x08001172   0x00000050   Code   RO         2962    i.HAL_PCD_EP_ClrStall  stm32f4xx_hal_pcd.o
    0x080011c2   0x00000034   Code   RO         2963    i.HAL_PCD_EP_Flush  stm32f4xx_hal_pcd.o
    0x080011f6   0x00000014   Code   RO         2964    i.HAL_PCD_EP_GetRxCount  stm32f4xx_hal_pcd.o
    0x0800120a   0x00000054   Code   RO         2965    i.HAL_PCD_EP_Open   stm32f4xx_hal_pcd.o
    0x0800125e   0x00000048   Code   RO         2966    i.HAL_PCD_EP_Receive  stm32f4xx_hal_pcd.o
    0x080012a6   0x00000060   Code   RO         2967    i.HAL_PCD_EP_SetStall  stm32f4xx_hal_pcd.o
    0x08001306   0x00000040   Code   RO         2968    i.HAL_PCD_EP_Transmit  stm32f4xx_hal_pcd.o
    0x08001346   0x00000002   PAD
    0x08001348   0x000004f4   Code   RO         2970    i.HAL_PCD_IRQHandler  stm32f4xx_hal_pcd.o
    0x0800183c   0x00000008   Code   RO         4485    i.HAL_PCD_ISOINIncompleteCallback  usbd_conf.o
    0x08001844   0x00000008   Code   RO         4486    i.HAL_PCD_ISOOUTIncompleteCallback  usbd_conf.o
    0x0800184c   0x000000be   Code   RO         2973    i.HAL_PCD_Init      stm32f4xx_hal_pcd.o
    0x0800190a   0x00000002   PAD
    0x0800190c   0x00000064   Code   RO         4488    i.HAL_PCD_MspInit   usbd_conf.o
    0x08001970   0x00000020   Code   RO         4489    i.HAL_PCD_ResetCallback  usbd_conf.o
    0x08001990   0x00000008   Code   RO         4490    i.HAL_PCD_ResumeCallback  usbd_conf.o
    0x08001998   0x00000008   Code   RO         4491    i.HAL_PCD_SOFCallback  usbd_conf.o
    0x080019a0   0x00000024   Code   RO         2979    i.HAL_PCD_SetAddress  stm32f4xx_hal_pcd.o
    0x080019c4   0x0000000e   Code   RO         4492    i.HAL_PCD_SetupStageCallback  usbd_conf.o
    0x080019d2   0x0000002a   Code   RO         2981    i.HAL_PCD_Start     stm32f4xx_hal_pcd.o
    0x080019fc   0x00000030   Code   RO         4493    i.HAL_PCD_SuspendCallback  usbd_conf.o
    0x08001a2c   0x00000130   Code   RO         3573    i.HAL_RCC_ClockConfig  stm32f4xx_hal_rcc.o
    0x08001b5c   0x0000000c   Code   RO         3578    i.HAL_RCC_GetHCLKFreq  stm32f4xx_hal_rcc.o
    0x08001b68   0x00000020   Code   RO         3580    i.HAL_RCC_GetPCLK1Freq  stm32f4xx_hal_rcc.o
    0x08001b88   0x00000020   Code   RO         3581    i.HAL_RCC_GetPCLK2Freq  stm32f4xx_hal_rcc.o
    0x08001ba8   0x00000064   Code   RO         3582    i.HAL_RCC_GetSysClockFreq  stm32f4xx_hal_rcc.o
    0x08001c0c   0x0000031c   Code   RO         3585    i.HAL_RCC_OscConfig  stm32f4xx_hal_rcc.o
    0x08001f28   0x00000080   Code   RO          694    i.HAL_SPI_Init      stm32f4xx_hal_spi.o
    0x08001fa8   0x0000004c   Code   RO         4676    i.HAL_SPI_MspInit   stm32f4xx_hal_msp.o
    0x08001ff4   0x00000150   Code   RO          697    i.HAL_SPI_Receive   stm32f4xx_hal_spi.o
    0x08002144   0x00000168   Code   RO          702    i.HAL_SPI_Transmit  stm32f4xx_hal_spi.o
    0x080022ac   0x000001d8   Code   RO          703    i.HAL_SPI_TransmitReceive  stm32f4xx_hal_spi.o
    0x08002484   0x00000018   Code   RO         2592    i.HAL_SYSTICK_CLKSourceConfig  stm32f4xx_hal_cortex.o
    0x0800249c   0x00000002   Code   RO         2593    i.HAL_SYSTICK_Callback  stm32f4xx_hal_cortex.o
    0x0800249e   0x00000028   Code   RO         2594    i.HAL_SYSTICK_Config  stm32f4xx_hal_cortex.o
    0x080024c6   0x00000008   Code   RO         2595    i.HAL_SYSTICK_IRQHandler  stm32f4xx_hal_cortex.o
    0x080024ce   0x00000002   Code   RO         2713    i.HAL_TIMEx_BreakCallback  stm32f4xx_hal_tim_ex.o
    0x080024d0   0x00000002   Code   RO         2714    i.HAL_TIMEx_CommutationCallback  stm32f4xx_hal_tim_ex.o
    0x080024d2   0x00000050   Code   RO         2730    i.HAL_TIMEx_MasterConfigSynchronization  stm32f4xx_hal_tim_ex.o
    0x08002522   0x00000036   Code   RO         1500    i.HAL_TIM_Base_Init  stm32f4xx_hal_tim.o
    0x08002558   0x0000008c   Code   RO         4678    i.HAL_TIM_Base_MspInit  stm32f4xx_hal_msp.o
    0x080025e4   0x00000018   Code   RO         1505    i.HAL_TIM_Base_Start_IT  stm32f4xx_hal_tim.o
    0x080025fc   0x0000002a   Code   RO         1508    i.HAL_TIM_Base_Stop_IT  stm32f4xx_hal_tim.o
    0x08002626   0x000000f2   Code   RO         1509    i.HAL_TIM_ConfigClockSource  stm32f4xx_hal_tim.o
    0x08002718   0x00000080   Code   RO         7277    i.HAL_TIM_IC_CaptureCallback  inverter_irqhandler.o
    0x08002798   0x0000011e   Code   RO         1530    i.HAL_TIM_IC_ConfigChannel  stm32f4xx_hal_tim.o
    0x080028b6   0x00000036   Code   RO         1533    i.HAL_TIM_IC_Init   stm32f4xx_hal_tim.o
    0x080028ec   0x00000002   Code   RO         1535    i.HAL_TIM_IC_MspInit  stm32f4xx_hal_tim.o
    0x080028ee   0x0000004c   Code   RO         1538    i.HAL_TIM_IC_Start_IT  stm32f4xx_hal_tim.o
    0x0800293a   0x0000005e   Code   RO         1541    i.HAL_TIM_IC_Stop_IT  stm32f4xx_hal_tim.o
    0x08002998   0x00000166   Code   RO         1542    i.HAL_TIM_IRQHandler  stm32f4xx_hal_tim.o
    0x08002afe   0x00000002   PAD
    0x08002b00   0x00000030   Code   RO         4679    i.HAL_TIM_MspPostInit  stm32f4xx_hal_msp.o
    0x08002b30   0x00000056   Code   RO         1543    i.HAL_TIM_OC_ConfigChannel  stm32f4xx_hal_tim.o
    0x08002b86   0x00000002   Code   RO         1545    i.HAL_TIM_OC_DelayElapsedCallback  stm32f4xx_hal_tim.o
    0x08002b88   0x00000036   Code   RO         1547    i.HAL_TIM_OC_Init   stm32f4xx_hal_tim.o
    0x08002bbe   0x00000002   PAD
    0x08002bc0   0x00000028   Code   RO         4681    i.HAL_TIM_OC_MspInit  stm32f4xx_hal_msp.o
    0x08002be8   0x00000038   Code   RO         1550    i.HAL_TIM_OC_Start  stm32f4xx_hal_tim.o
    0x08002c20   0x00000058   Code   RO         1553    i.HAL_TIM_OC_Stop   stm32f4xx_hal_tim.o
    0x08002c78   0x00000002   Code   RO         1572    i.HAL_TIM_PWM_PulseFinishedCallback  stm32f4xx_hal_tim.o
    0x08002c7a   0x00000002   PAD
    0x08002c7c   0x0000006c   Code   RO         7278    i.HAL_TIM_PeriodElapsedCallback  inverter_irqhandler.o
    0x08002ce8   0x00000002   Code   RO         1583    i.HAL_TIM_TriggerCallback  stm32f4xx_hal_tim.o
    0x08002cea   0x00000002   Code   RO         1021    i.HAL_UART_ErrorCallback  stm32f4xx_hal_uart.o
    0x08002cec   0x00000110   Code   RO         1024    i.HAL_UART_IRQHandler  stm32f4xx_hal_uart.o
    0x08002dfc   0x00000062   Code   RO         1025    i.HAL_UART_Init     stm32f4xx_hal_uart.o
    0x08002e5e   0x00000002   PAD
    0x08002e60   0x0000005c   Code   RO         4683    i.HAL_UART_MspInit  stm32f4xx_hal_msp.o
    0x08002ebc   0x00000048   Code   RO         1030    i.HAL_UART_Receive_IT  stm32f4xx_hal_uart.o
    0x08002f04   0x0000005c   Code   RO         7279    i.HAL_UART_RxCpltCallback  inverter_irqhandler.o
    0x08002f60   0x000000ba   Code   RO         1033    i.HAL_UART_Transmit  stm32f4xx_hal_uart.o
    0x0800301a   0x00000002   Code   RO         1036    i.HAL_UART_TxCpltCallback  stm32f4xx_hal_uart.o
    0x0800301c   0x0000001c   Code   RO         4946    i.HardFault_Handler  stm32f4xx_it.o
    0x08003038   0x00000044   Code   RO         7376    i.IsAuxPwmFreq16KHZ  inverter_test.o
    0x0800307c   0x00000040   Code   RO         7377    i.IsCloseAuxPwmFreq16KHZ  inverter_test.o
    0x080030bc   0x00000040   Code   RO         7378    i.IsCloseInvPwmFreq60HZ  inverter_test.o
    0x080030fc   0x0000004c   Code   RO         7379    i.IsInvPwmFreq60HZ  inverter_test.o
    0x08003148   0x00000020   Code   RO         7210    i.LAOD_VOL_Output   inverter_gpio.o
    0x08003168   0x00000002   Code   RO         7211    i.MCU_Vbus_Output   inverter_gpio.o
    0x0800316a   0x00000002   PAD
    0x0800316c   0x00000018   Code   RO         7212    i.MCU_Vinv_Output   inverter_gpio.o
    0x08003184   0x00000042   Code   RO         5397    i.MSC_BOT_Abort     usbd_msc_bot.o
    0x080031c6   0x00000002   PAD
    0x080031c8   0x000000cc   Code   RO         5398    i.MSC_BOT_CBW_Decode  usbd_msc_bot.o
    0x08003294   0x0000002a   Code   RO         5399    i.MSC_BOT_CplClrFeature  usbd_msc_bot.o
    0x080032be   0x0000003a   Code   RO         5400    i.MSC_BOT_DataIn    usbd_msc_bot.o
    0x080032f8   0x0000003a   Code   RO         5401    i.MSC_BOT_DataOut   usbd_msc_bot.o
    0x08003332   0x0000000a   Code   RO         5402    i.MSC_BOT_DeInit    usbd_msc_bot.o
    0x0800333c   0x00000042   Code   RO         5403    i.MSC_BOT_Init      usbd_msc_bot.o
    0x0800337e   0x00000016   Code   RO         5404    i.MSC_BOT_Reset     usbd_msc_bot.o
    0x08003394   0x0000003c   Code   RO         5405    i.MSC_BOT_SendCSW   usbd_msc_bot.o
    0x080033d0   0x00000050   Code   RO         4269    i.MX_ADC1_Init      main.o
    0x08003420   0x0000001c   Code   RO         5044    i.MX_FATFS_Init     fatfs.o
    0x0800343c   0x000000e8   Code   RO         4270    i.MX_GPIO_Init      main.o
    0x08003524   0x00000040   Code   RO         4271    i.MX_SPI1_Init      main.o
    0x08003564   0x00000074   Code   RO         4272    i.MX_TIM2_Init      main.o
    0x080035d8   0x0000005c   Code   RO         4273    i.MX_TIM4_Init      main.o
    0x08003634   0x00000078   Code   RO         4274    i.MX_TIM5_Init      main.o
    0x080036ac   0x00000038   Code   RO         4906    i.MX_USB_DEVICE_Init  usb_device.o
    0x080036e4   0x00000002   Code   RO         4947    i.MemManage_Handler  stm32f4xx_it.o
    0x080036e6   0x00000002   Code   RO         4948    i.NMI_Handler       stm32f4xx_it.o
    0x080036e8   0x00000020   Code   RO         2596    i.NVIC_SetPriority  stm32f4xx_hal_cortex.o
    0x08003708   0x0000000c   Code   RO         4949    i.OTG_FS_IRQHandler  stm32f4xx_it.o
    0x08003714   0x00000088   Code   RO         2984    i.PCD_WriteEmptyTxFifo  stm32f4xx_hal_pcd.o
    0x0800379c   0x00000002   Code   RO         4950    i.PendSV_Handler    stm32f4xx_it.o
    0x0800379e   0x00000022   Code   RO         5631    i.SCSI_CheckAddressRange  usbd_msc_scsi.o
    0x080037c0   0x000001cc   Code   RO         5632    i.SCSI_ProcessCmd   usbd_msc_scsi.o
    0x0800398c   0x0000008c   Code   RO         5633    i.SCSI_ProcessRead  usbd_msc_scsi.o
    0x08003a18   0x00000098   Code   RO         5634    i.SCSI_ProcessWrite  usbd_msc_scsi.o
    0x08003ab0   0x000000aa   Code   RO         5635    i.SCSI_Read10       usbd_msc_scsi.o
    0x08003b5a   0x00000056   Code   RO         5636    i.SCSI_ReadCapacity10  usbd_msc_scsi.o
    0x08003bb0   0x0000006e   Code   RO         5637    i.SCSI_ReadFormatCapacity  usbd_msc_scsi.o
    0x08003c1e   0x00000036   Code   RO         5638    i.SCSI_SenseCode    usbd_msc_scsi.o
    0x08003c54   0x000000ca   Code   RO         5639    i.SCSI_Write10      usbd_msc_scsi.o
    0x08003d1e   0x00000020   Code   RO          718    i.SPI_CheckFlag_BSY  stm32f4xx_hal_spi.o
    0x08003d3e   0x00000096   Code   RO          736    i.SPI_WaitFlagStateUntilTimeout  stm32f4xx_hal_spi.o
    0x08003dd4   0x0000000e   Code   RO         4397    i.STORAGE_GetCapacity_FS  usbd_storage_if.o
    0x08003de2   0x00000004   Code   RO         4398    i.STORAGE_GetMaxLun_FS  usbd_storage_if.o
    0x08003de6   0x00000004   Code   RO         4399    i.STORAGE_Init_FS   usbd_storage_if.o
    0x08003dea   0x00000004   Code   RO         4400    i.STORAGE_IsReady_FS  usbd_storage_if.o
    0x08003dee   0x00000004   Code   RO         4401    i.STORAGE_IsWriteProtected_FS  usbd_storage_if.o
    0x08003df2   0x00000002   PAD
    0x08003df4   0x0000001c   Code   RO         4402    i.STORAGE_Read_FS   usbd_storage_if.o
    0x08003e10   0x000000a8   Code   RO         4403    i.STORAGE_Write_FS  usbd_storage_if.o
    0x08003eb8   0x00000002   Code   RO         4951    i.SVC_Handler       stm32f4xx_it.o
    0x08003eba   0x0000000e   Code   RO         4952    i.SysTick_Handler   stm32f4xx_it.o
    0x08003ec8   0x0000009c   Code   RO         4275    i.SystemClock_Config  main.o
    0x08003f64   0x00000054   Code   RO         5150    i.SystemInit        system_stm32f4xx.o
    0x08003fb8   0x00000024   Code   RO         7213    i.TEMP_NTC_Output_Abnormal  inverter_gpio.o
    0x08003fdc   0x00000024   Code   RO         7214    i.TEMP_NTC_Output_Normal  inverter_gpio.o
    0x08004000   0x00000024   Code   RO         7380    i.TEST_Init         inverter_test.o
    0x08004024   0x00000058   Code   RO         7381    i.TEST_Proc         inverter_test.o
    0x0800407c   0x0000000c   Code   RO         4953    i.TIM2_IRQHandler   stm32f4xx_it.o
    0x08004088   0x0000000c   Code   RO         4954    i.TIM5_IRQHandler   stm32f4xx_it.o
    0x08004094   0x000000c0   Code   RO         1584    i.TIM_Base_SetConfig  stm32f4xx_hal_tim.o
    0x08004154   0x00000016   Code   RO         1585    i.TIM_CCxChannelCmd  stm32f4xx_hal_tim.o
    0x0800416a   0x00000014   Code   RO         1591    i.TIM_ETR_SetConfig  stm32f4xx_hal_tim.o
    0x0800417e   0x00000010   Code   RO         1592    i.TIM_ITRx_SetConfig  stm32f4xx_hal_tim.o
    0x0800418e   0x00000002   PAD
    0x08004190   0x00000058   Code   RO         1593    i.TIM_OC1_SetConfig  stm32f4xx_hal_tim.o
    0x080041e8   0x00000064   Code   RO         1594    i.TIM_OC2_SetConfig  stm32f4xx_hal_tim.o
    0x0800424c   0x00000060   Code   RO         1595    i.TIM_OC3_SetConfig  stm32f4xx_hal_tim.o
    0x080042ac   0x00000050   Code   RO         1596    i.TIM_OC4_SetConfig  stm32f4xx_hal_tim.o
    0x080042fc   0x00000022   Code   RO         1598    i.TIM_TI1_ConfigInputStage  stm32f4xx_hal_tim.o
    0x0800431e   0x00000002   PAD
    0x08004320   0x00000084   Code   RO         1599    i.TIM_TI1_SetConfig  stm32f4xx_hal_tim.o
    0x080043a4   0x00000024   Code   RO         1600    i.TIM_TI2_ConfigInputStage  stm32f4xx_hal_tim.o
    0x080043c8   0x00000036   Code   RO         1601    i.TIM_TI2_SetConfig  stm32f4xx_hal_tim.o
    0x080043fe   0x00000002   PAD
    0x08004400   0x00000010   Code   RO         7215    i.TestBoardPowerOff  inverter_gpio.o
    0x08004410   0x00000010   Code   RO         7216    i.TestBoardPowerOn  inverter_gpio.o
    0x08004420   0x00000010   Code   RO         1038    i.UART_DMAAbortOnError  stm32f4xx_hal_uart.o
    0x08004430   0x0000001c   Code   RO         1048    i.UART_EndRxTransfer  stm32f4xx_hal_uart.o
    0x0800444c   0x0000008c   Code   RO         1050    i.UART_Receive_IT   stm32f4xx_hal_uart.o
    0x080044d8   0x000002ac   Code   RO         1051    i.UART_SetConfig    stm32f4xx_hal_uart.o
    0x08004784   0x00000062   Code   RO         1052    i.UART_Transmit_IT  stm32f4xx_hal_uart.o
    0x080047e6   0x00000064   Code   RO         1053    i.UART_WaitOnFlagUntilTimeout  stm32f4xx_hal_uart.o
    0x0800484a   0x00000002   PAD
    0x0800484c   0x0000000c   Code   RO         4955    i.USART1_IRQHandler  stm32f4xx_it.o
    0x08004858   0x0000000e   Code   RO         5493    i.USBD_ClrClassConfig  usbd_core.o
    0x08004866   0x00000010   Code   RO         5337    i.USBD_CtlContinueRx  usbd_ioreq.o
    0x08004876   0x00000010   Code   RO         5338    i.USBD_CtlContinueSendData  usbd_ioreq.o
    0x08004886   0x00000016   Code   RO         5187    i.USBD_CtlError     usbd_ctlreq.o
    0x0800489c   0x00000016   Code   RO         5340    i.USBD_CtlReceiveStatus  usbd_ioreq.o
    0x080048b2   0x0000001a   Code   RO         5341    i.USBD_CtlSendData  usbd_ioreq.o
    0x080048cc   0x00000016   Code   RO         5342    i.USBD_CtlSendStatus  usbd_ioreq.o
    0x080048e2   0x00000002   PAD
    0x080048e4   0x00000020   Code   RO         4838    i.USBD_FS_ConfigStrDescriptor  usbd_desc.o
    0x08004904   0x0000000c   Code   RO         4839    i.USBD_FS_DeviceDescriptor  usbd_desc.o
    0x08004910   0x00000024   Code   RO         4840    i.USBD_FS_InterfaceStrDescriptor  usbd_desc.o
    0x08004934   0x0000000c   Code   RO         4841    i.USBD_FS_LangIDStrDescriptor  usbd_desc.o
    0x08004940   0x00000028   Code   RO         4842    i.USBD_FS_ManufacturerStrDescriptor  usbd_desc.o
    0x08004968   0x00000028   Code   RO         4843    i.USBD_FS_ProductStrDescriptor  usbd_desc.o
    0x08004990   0x00000024   Code   RO         4844    i.USBD_FS_SerialStrDescriptor  usbd_desc.o
    0x080049b4   0x000000e0   Code   RO         5188    i.USBD_GetDescriptor  usbd_ctlreq.o
    0x08004a94   0x00000046   Code   RO         5189    i.USBD_GetString    usbd_ctlreq.o
    0x08004ada   0x0000002a   Code   RO         5495    i.USBD_Init         usbd_core.o
    0x08004b04   0x00000020   Code   RO         4494    i.USBD_LL_ClearStallEP  usbd_conf.o
    0x08004b24   0x00000020   Code   RO         4495    i.USBD_LL_CloseEP   usbd_conf.o
    0x08004b44   0x000000aa   Code   RO         5496    i.USBD_LL_DataInStage  usbd_core.o
    0x08004bee   0x0000006a   Code   RO         5497    i.USBD_LL_DataOutStage  usbd_core.o
    0x08004c58   0x00000004   Code   RO         5498    i.USBD_LL_DevConnected  usbd_core.o
    0x08004c5c   0x00000016   Code   RO         5499    i.USBD_LL_DevDisconnected  usbd_core.o
    0x08004c72   0x00000020   Code   RO         4498    i.USBD_LL_FlushEP   usbd_conf.o
    0x08004c92   0x00000008   Code   RO         4499    i.USBD_LL_GetRxDataSize  usbd_conf.o
    0x08004c9a   0x00000002   PAD
    0x08004c9c   0x0000007c   Code   RO         4500    i.USBD_LL_Init      usbd_conf.o
    0x08004d18   0x00000020   Code   RO         4501    i.USBD_LL_IsStallEP  usbd_conf.o
    0x08004d38   0x00000004   Code   RO         5500    i.USBD_LL_IsoINIncomplete  usbd_core.o
    0x08004d3c   0x00000004   Code   RO         5501    i.USBD_LL_IsoOUTIncomplete  usbd_core.o
    0x08004d40   0x00000026   Code   RO         4502    i.USBD_LL_OpenEP    usbd_conf.o
    0x08004d66   0x00000020   Code   RO         4503    i.USBD_LL_PrepareReceive  usbd_conf.o
    0x08004d86   0x0000003e   Code   RO         5502    i.USBD_LL_Reset     usbd_core.o
    0x08004dc4   0x0000000c   Code   RO         5503    i.USBD_LL_Resume    usbd_core.o
    0x08004dd0   0x00000018   Code   RO         5504    i.USBD_LL_SOF       usbd_core.o
    0x08004de8   0x00000006   Code   RO         5505    i.USBD_LL_SetSpeed  usbd_core.o
    0x08004dee   0x00000020   Code   RO         4504    i.USBD_LL_SetUSBAddress  usbd_conf.o
    0x08004e0e   0x0000005a   Code   RO         5506    i.USBD_LL_SetupStage  usbd_core.o
    0x08004e68   0x00000020   Code   RO         4505    i.USBD_LL_StallEP   usbd_conf.o
    0x08004e88   0x00000020   Code   RO         4506    i.USBD_LL_Start     usbd_conf.o
    0x08004ea8   0x00000012   Code   RO         5507    i.USBD_LL_Suspend   usbd_core.o
    0x08004eba   0x00000020   Code   RO         4508    i.USBD_LL_Transmit  usbd_conf.o
    0x08004eda   0x0000000a   Code   RO         5252    i.USBD_MSC_DataIn   usbd_msc.o
    0x08004ee4   0x0000000a   Code   RO         5253    i.USBD_MSC_DataOut  usbd_msc.o
    0x08004eee   0x0000002c   Code   RO         5254    i.USBD_MSC_DeInit   usbd_msc.o
    0x08004f1a   0x00000002   PAD
    0x08004f1c   0x0000000c   Code   RO         5255    i.USBD_MSC_GetDeviceQualifierDescriptor  usbd_msc.o
    0x08004f28   0x0000000c   Code   RO         5256    i.USBD_MSC_GetFSCfgDesc  usbd_msc.o
    0x08004f34   0x0000000c   Code   RO         5257    i.USBD_MSC_GetHSCfgDesc  usbd_msc.o
    0x08004f40   0x0000000c   Code   RO         5258    i.USBD_MSC_GetOtherSpeedCfgDesc  usbd_msc.o
    0x08004f4c   0x00000052   Code   RO         5259    i.USBD_MSC_Init     usbd_msc.o
    0x08004f9e   0x0000000a   Code   RO         5260    i.USBD_MSC_RegisterStorage  usbd_msc.o
    0x08004fa8   0x000000c2   Code   RO         5261    i.USBD_MSC_Setup    usbd_msc.o
    0x0800506a   0x00000028   Code   RO         5190    i.USBD_ParseSetupRequest  usbd_ctlreq.o
    0x08005092   0x00000010   Code   RO         5508    i.USBD_RegisterClass  usbd_core.o
    0x080050a2   0x00000016   Code   RO         5510    i.USBD_SetClassConfig  usbd_core.o
    0x080050b8   0x00000074   Code   RO         5191    i.USBD_SetConfig    usbd_ctlreq.o
    0x0800512c   0x0000000a   Code   RO         5511    i.USBD_Start        usbd_core.o
    0x08005136   0x000000f2   Code   RO         5192    i.USBD_StdDevReq    usbd_ctlreq.o
    0x08005228   0x000000dc   Code   RO         5193    i.USBD_StdEPReq     usbd_ctlreq.o
    0x08005304   0x00000034   Code   RO         5194    i.USBD_StdItfReq    usbd_ctlreq.o
    0x08005338   0x00000080   Code   RO         2130    i.USB_ActivateEndpoint  stm32f4xx_ll_usb.o
    0x080053b8   0x00000034   Code   RO         2131    i.USB_ActivateSetup  stm32f4xx_ll_usb.o
    0x080053ec   0x0000006c   Code   RO         2133    i.USB_CoreInit      stm32f4xx_ll_usb.o
    0x08005458   0x00000038   Code   RO         2134    i.USB_CoreReset     stm32f4xx_ll_usb.o
    0x08005490   0x000000c8   Code   RO         2136    i.USB_DeactivateEndpoint  stm32f4xx_ll_usb.o
    0x08005558   0x00000018   Code   RO         2137    i.USB_DevConnect    stm32f4xx_ll_usb.o
    0x08005570   0x00000018   Code   RO         2138    i.USB_DevDisconnect  stm32f4xx_ll_usb.o
    0x08005588   0x00000140   Code   RO         2139    i.USB_DevInit       stm32f4xx_ll_usb.o
    0x080056c8   0x0000000c   Code   RO         2140    i.USB_DisableGlobalInt  stm32f4xx_ll_usb.o
    0x080056d4   0x00000140   Code   RO         2143    i.USB_EP0StartXfer  stm32f4xx_ll_usb.o
    0x08005814   0x0000003e   Code   RO         2144    i.USB_EP0_OutStart  stm32f4xx_ll_usb.o
    0x08005852   0x00000064   Code   RO         2145    i.USB_EPClearStall  stm32f4xx_ll_usb.o
    0x080058b6   0x0000005e   Code   RO         2146    i.USB_EPSetStall    stm32f4xx_ll_usb.o
    0x08005914   0x0000021c   Code   RO         2147    i.USB_EPStartXfer   stm32f4xx_ll_usb.o
    0x08005b30   0x0000000c   Code   RO         2148    i.USB_EnableGlobalInt  stm32f4xx_ll_usb.o
    0x08005b3c   0x00000020   Code   RO         2149    i.USB_FlushRxFifo   stm32f4xx_ll_usb.o
    0x08005b5c   0x00000024   Code   RO         2150    i.USB_FlushTxFifo   stm32f4xx_ll_usb.o
    0x08005b80   0x0000003c   Code   RO         2152    i.USB_GetDevSpeed   stm32f4xx_ll_usb.o
    0x08005bbc   0x00000008   Code   RO         2154    i.USB_GetMode       stm32f4xx_ll_usb.o
    0x08005bc4   0x0000000e   Code   RO         2161    i.USB_ReadDevAllInEpInterrupt  stm32f4xx_ll_usb.o
    0x08005bd2   0x0000000e   Code   RO         2162    i.USB_ReadDevAllOutEpInterrupt  stm32f4xx_ll_usb.o
    0x08005be0   0x0000001e   Code   RO         2163    i.USB_ReadDevInEPInterrupt  stm32f4xx_ll_usb.o
    0x08005bfe   0x00000010   Code   RO         2164    i.USB_ReadDevOutEPInterrupt  stm32f4xx_ll_usb.o
    0x08005c0e   0x00000008   Code   RO         2165    i.USB_ReadInterrupts  stm32f4xx_ll_usb.o
    0x08005c16   0x00000020   Code   RO         2166    i.USB_ReadPacket    stm32f4xx_ll_usb.o
    0x08005c36   0x0000002c   Code   RO         2168    i.USB_SetCurrentMode  stm32f4xx_ll_usb.o
    0x08005c62   0x00000022   Code   RO         2169    i.USB_SetDevAddress  stm32f4xx_ll_usb.o
    0x08005c84   0x00000028   Code   RO         2173    i.USB_WritePacket   stm32f4xx_ll_usb.o
    0x08005cac   0x00000014   Code   RO         4772    i.USER_initialize   user_diskio.o
    0x08005cc0   0x00000026   Code   RO         4773    i.USER_ioctl        user_diskio.o
    0x08005ce6   0x00000002   PAD
    0x08005ce8   0x0000001c   Code   RO         4774    i.USER_read         user_diskio.o
    0x08005d04   0x00000014   Code   RO         4775    i.USER_status       user_diskio.o
    0x08005d18   0x00000058   Code   RO         4776    i.USER_write        user_diskio.o
    0x08005d70   0x0000002e   Code   RO         7382    i.Uart1DataCRC16    inverter_test.o
    0x08005d9e   0x00000002   PAD
    0x08005da0   0x00000098   Code   RO         7383    i.Uart1DataFrameParse  inverter_test.o
    0x08005e38   0x00000002   Code   RO         4956    i.UsageFault_Handler  stm32f4xx_it.o
    0x08005e3a   0x00000002   PAD
    0x08005e3c   0x0000001c   Code   RO         7323    i.Usart1_Iint       inverter_middlewares.o
    0x08005e58   0x0000003c   Code   RO         7324    i.Usart1_readByte   inverter_middlewares.o
    0x08005e94   0x00000002   Code   RO         4276    i._Error_Handler    main.o
    0x08005e96   0x00000002   PAD
    0x08005e98   0x00000020   Code   RO         7792    i.__0printf         mc_w.l(printfa.o)
    0x08005eb8   0x0000002c   Code   RO         7797    i.__0vsnprintf      mc_w.l(printfa.o)
    0x08005ee4   0x0000000e   Code   RO         7953    i.__scatterload_copy  mc_w.l(handlers.o)
    0x08005ef2   0x00000002   Code   RO         7954    i.__scatterload_null  mc_w.l(handlers.o)
    0x08005ef4   0x0000000e   Code   RO         7955    i.__scatterload_zeroinit  mc_w.l(handlers.o)
    0x08005f02   0x00000002   PAD
    0x08005f04   0x00000184   Code   RO         7799    i._fp_digits        mc_w.l(printfa.o)
    0x08006088   0x000006dc   Code   RO         7800    i._printf_core      mc_w.l(printfa.o)
    0x08006764   0x00000024   Code   RO         7801    i._printf_post_padding  mc_w.l(printfa.o)
    0x08006788   0x0000002e   Code   RO         7802    i._printf_pre_padding  mc_w.l(printfa.o)
    0x080067b6   0x00000016   Code   RO         7803    i._snputc           mc_w.l(printfa.o)
    0x080067cc   0x00000214   Code   RO         5697    i.aai_write         sfud.o
    0x080069e0   0x00000024   Code   RO         7485    i.fputc             retarget_io.o
    0x08006a04   0x00000050   Code   RO         7820    i.free              mc_w.l(malloc.o)
    0x08006a54   0x00000288   Code   RO         5698    i.hardware_init     sfud.o
    0x08006cdc   0x00000018   Code   RO         7217    i.i_LIMIT_Output    inverter_gpio.o
    0x08006cf4   0x000000a0   Code   RO         4277    i.main              main.o
    0x08006d94   0x000000c8   Code   RO         5699    i.make_adress_byte_array  sfud.o
    0x08006e5c   0x0000006c   Code   RO         7821    i.malloc            mc_w.l(malloc.o)
    0x08006ec8   0x00000068   Code   RO         7384    i.open_loop_test    inverter_test.o
    0x08006f30   0x000000c0   Code   RO         7385    i.over_temprature_test  inverter_test.o
    0x08006ff0   0x00000090   Code   RO         7386    i.overload_test     inverter_test.o
    0x08007080   0x00000248   Code   RO         5700    i.page256_or_1_byte_write  sfud.o
    0x080072c8   0x00000164   Code   RO         5833    i.read_basic_header  sfud_sfdp.o
    0x0800742c   0x00000520   Code   RO         5834    i.read_basic_table  sfud_sfdp.o
    0x0800794c   0x000000f0   Code   RO         5701    i.read_jedec_id     sfud.o
    0x08007a3c   0x0000014c   Code   RO         5835    i.read_sfdp_data    sfud_sfdp.o
    0x08007b88   0x00000198   Code   RO         5836    i.read_sfdp_header  sfud_sfdp.o
    0x08007d20   0x000000fc   Code   RO         5702    i.reset             sfud.o
    0x08007e1c   0x00000130   Code   RO         5703    i.set_4_byte_address_mode  sfud.o
    0x08007f4c   0x00000010   Code   RO         7387    i.set_test_stop     inverter_test.o
    0x08007f5c   0x000000e0   Code   RO         5704    i.set_write_enabled  sfud.o
    0x0800803c   0x0000015c   Code   RO         5705    i.sfud_chip_erase   sfud.o
    0x08008198   0x00000022   Code   RO         5876    i.sfud_delay        sfud_port.o
    0x080081ba   0x00000002   PAD
    0x080081bc   0x000000f0   Code   RO         5706    i.sfud_device_init  sfud.o
    0x080082ac   0x00000218   Code   RO         5707    i.sfud_erase        sfud.o
    0x080084c4   0x00000028   Code   RO         5708    i.sfud_erase_write  sfud.o
    0x080084ec   0x00000010   Code   RO         5709    i.sfud_get_device   sfud.o
    0x080084fc   0x00000090   Code   RO         5712    i.sfud_init         sfud.o
    0x0800858c   0x00000044   Code   RO         5877    i.sfud_log_debug    sfud_port.o
    0x080085d0   0x00000038   Code   RO         5878    i.sfud_log_info     sfud_port.o
    0x08008608   0x00000170   Code   RO         5713    i.sfud_read         sfud.o
    0x08008778   0x000000a4   Code   RO         5837    i.sfud_read_sfdp    sfud_sfdp.o
    0x0800881c   0x000000c0   Code   RO         5714    i.sfud_read_status  sfud.o
    0x080088dc   0x000000c8   Code   RO         5838    i.sfud_sfdp_get_suitable_eraser  sfud_sfdp.o
    0x080089a4   0x0000001c   Code   RO         5879    i.sfud_spi_port_init  sfud_port.o
    0x080089c0   0x0000002a   Code   RO         5715    i.sfud_write        sfud.o
    0x080089ea   0x00000002   PAD
    0x080089ec   0x000000f4   Code   RO         5716    i.sfud_write_status  sfud.o
    0x08008ae0   0x000000c0   Code   RO         7388    i.short_circuit_test  inverter_test.o
    0x08008ba0   0x00000050   Code   RO         5880    i.spi_write_read    sfud_port.o
    0x08008bf0   0x0000001c   Code   RO         5082    i.stderr_putchar    stdio_stm32.o
    0x08008c0c   0x0000001c   Code   RO         5084    i.stdout_putchar    stdio_stm32.o
    0x08008c28   0x0000008c   Code   RO         7389    i.test_stop         inverter_test.o
    0x08008cb4   0x000000d8   Code   RO         5717    i.wait_busy         sfud.o
    0x08008d8c   0x00000024   Data   RO         4404    .constdata          usbd_storage_if.o
    0x08008db0   0x00000010   Data   RO         5151    .constdata          system_stm32f4xx.o
    0x08008dc0   0x00000008   Data   RO         5152    .constdata          system_stm32f4xx.o
    0x08008dc8   0x00000007   Data   RO         5467    .constdata          usbd_msc_data.o
    0x08008dcf   0x00000008   Data   RO         5468    .constdata          usbd_msc_data.o
    0x08008dd7   0x00000008   Data   RO         5469    .constdata          usbd_msc_data.o
    0x08008ddf   0x00000001   PAD
    0x08008de0   0x000002af   Data   RO         5718    .constdata          sfud.o
    0x0800908f   0x00000070   Data   RO         5839    .constdata          sfud_sfdp.o
    0x080090ff   0x00000001   PAD
    0x08009100   0x000001bc   Data   RO         5719    .conststring        sfud.o
    0x080092bc   0x0000038f   Data   RO         5840    .conststring        sfud_sfdp.o
    0x0800964b   0x00000001   PAD
    0x0800964c   0x00000020   Data   RO         7951    Region$$Table       anon$$obj.o


    Execution Region RW_IRAM1 (Base: 0x20000000, Size: 0x0000fd58, Max: 0x00020000, ABSOLUTE, COMPRESSED[0x000000bc])

    Base Addr    Size         Type   Attr      Idx    E Section Name        Object

    0x20000000   0x0000000c   Data   RW         3306    .data               stm32f4xx_hal.o
    0x2000000c   0x00000004   Data   RW         4279    .data               main.o
    0x20000010   0x00000020   Data   RW         4405    .data               usbd_storage_if.o
    0x20000030   0x00000001   Data   RW         4777    .data               user_diskio.o
    0x20000031   0x00000003   PAD
    0x20000034   0x00000014   Data   RW         4778    .data               user_diskio.o
    0x20000048   0x0000001c   Data   RW         4846    .data               usbd_desc.o
    0x20000064   0x00000016   Data   RW         4847    .data               usbd_desc.o
    0x2000007a   0x00000005   Data   RW         5048    .data               fatfs.o
    0x2000007f   0x00000001   PAD
    0x20000080   0x00000004   Data   RW         5153    .data               system_stm32f4xx.o
    0x20000084   0x00000001   Data   RW         5195    .data               usbd_ctlreq.o
    0x20000085   0x00000003   PAD
    0x20000088   0x00000038   Data   RW         5262    .data               usbd_msc.o
    0x200000c0   0x0000006a   Data   RW         5263    .data               usbd_msc.o
    0x2000012a   0x00000002   PAD
    0x2000012c   0x00000074   Data   RW         5720    .data               sfud.o
    0x200001a0   0x0000000c   Data   RW         7280    .data               inverter_irqhandler.o
    0x200001ac   0x00000006   Data   RW         7327    .data               inverter_middlewares.o
    0x200001b2   0x00000006   Data   RW         7390    .data               inverter_test.o
    0x200001b8   0x00000004   Data   RW         7537    .data               mc_w.l(stdout.o)
    0x200001bc   0x00000004   Data   RW         7538    .data               mc_w.l(stderr.o)
    0x200001c0   0x00000004   Data   RW         7912    .data               mc_w.l(mvars.o)
    0x200001c4   0x00000004   Data   RW         7913    .data               mc_w.l(mvars.o)
    0x200001c8   0x0000000c   Zero   RW          605    .bss                ff_gen_drv.o
    0x200001d4   0x000001a8   Zero   RW         4278    .bss                main.o
    0x2000037c   0x000003f0   Zero   RW         4509    .bss                usbd_conf.o
    0x2000076c   0x00000200   Zero   RW         4845    .bss                usbd_desc.o
    0x2000096c   0x00000224   Zero   RW         4907    .bss                usb_device.o
    0x20000b90   0x00000100   Zero   RW         5881    .bss                sfud_port.o
    0x20000c90   0x000000c8   Zero   RW         7326    .bss                inverter_middlewares.o
    0x20000d58   0x0000a000   Zero   RW            2    HEAP                startup_stm32f407xx.o
    0x2000ad58   0x00005000   Zero   RW            1    STACK               startup_stm32f407xx.o


==============================================================================

Image component sizes


      Code (inc. data)   RO Data    RW Data    ZI Data      Debug   Object Name

         0          0          0          0          0       4364   diskio.o
        28         10          0          5          0       1010   fatfs.o
         0          0          0          0          0       1792   ff.o
        70          6          0          0         12       1615   ff_gen_drv.o
       186         40          0          0          0       4202   inverter_gpio.o
       328         58          0         12          0       2998   inverter_irqhandler.o
       166         20          0          6        200       3670   inverter_middlewares.o
      1382        210          0          6          0      10213   inverter_test.o
      1022         96          0          4        424      17413   main.o
        36         10          0          0          0        608   retarget_io.o
      5370       2314       1131        116          0      22771   sfud.o
       266         58          0          0        256       3791   sfud_port.o
      2772       1422       1023          0          0       6169   sfud_sfdp.o
        36          8        392          0      61440        828   startup_stm32f407xx.o
        56          8          0          0          0       1154   stdio_stm32.o
       180         28          0         12          0       4533   stm32f4xx_hal.o
       906         46          0          0          0       4817   stm32f4xx_hal_adc.o
       228         14          0          0          0      32089   stm32f4xx_hal_cortex.o
       240          0          0          0          0       3462   stm32f4xx_hal_dac.o
        36          0          0          0          0       1203   stm32f4xx_hal_dma.o
       442         44          0          0          0       2408   stm32f4xx_hal_gpio.o
       620         84          0          0          0       5417   stm32f4xx_hal_msp.o
      2208         72          0          0          0      12008   stm32f4xx_hal_pcd.o
        76          0          0          0          0       1828   stm32f4xx_hal_pcd_ex.o
      1276         86          0          0          0       5588   stm32f4xx_hal_rcc.o
      1478          0          0          0          0       6882   stm32f4xx_hal_spi.o
      2392        126          0          0          0      21724   stm32f4xx_hal_tim.o
        84          0          0          0          0       2390   stm32f4xx_hal_tim_ex.o
      1698         14          0          0          0       9675   stm32f4xx_hal_uart.o
       104         44          0          0          0       5886   stm32f4xx_it.o
      2420         56          0          0          0      20220   stm32f4xx_ll_usb.o
         0          0          0          0          0     711600   syscall.o
        84         18         24          4          0       1135   system_stm32f4xx.o
        56         18          0          0        548        712   usb_device.o
       738         38          0          0       1008      14984   usbd_conf.o
       626          0          0          0          0      11902   usbd_core.o
       986         30          0          1          0       7936   usbd_ctlreq.o
       208        112          0         50        512       5087   usbd_desc.o
       102          0          0          0          0       3764   usbd_ioreq.o
       398         16          0        162          0       9304   usbd_msc.o
       586         12          0          0          0       7269   usbd_msc_bot.o
         0          0         23          0          0        845   usbd_msc_data.o
      1408         12          0          0          0      10535   usbd_msc_scsi.o
       226         54         36         32          0      12236   usbd_storage_if.o
       194         28          0         21          0       7986   user_diskio.o

    ----------------------------------------------------------------------
     31776       5212       2664        440      64400    1028023   Object Totals
         0          0         32          0          0          0   (incl. Generated)
        58          0          3          9          0          0   (incl. Padding)

    ----------------------------------------------------------------------

      Code (inc. data)   RO Data    RW Data    ZI Data      Debug   Library Member Name

        86          0          0          0          0          0   __dczerorl2.o
         0          0          0          0          0          0   entry.o
         0          0          0          0          0          0   entry10a.o
         0          0          0          0          0          0   entry11a.o
         8          4          0          0          0          0   entry2.o
         4          0          0          0          0          0   entry5.o
         0          0          0          0          0          0   entry7b.o
         0          0          0          0          0          0   entry8b.o
         8          4          0          0          0          0   entry9a.o
        30          0          0          0          0          0   handlers.o
        36          8          0          0          0         68   init.o
         0          0          0          0          0          0   iusefp.o
        30          0          0          0          0         68   llshl.o
        36          0          0          0          0         68   llsshr.o
        32          0          0          0          0         68   llushr.o
       188         20          0          0          0        160   malloc.o
        36          0          0          0          0         68   memcpya.o
        36          0          0          0          0        108   memseta.o
         0          0          0          8          0          0   mvars.o
      2324         94          0          0          0        600   printfa.o
         0          0          0          4          0          0   stderr.o
         0          0          0          4          0          0   stdout.o
        44          0          0          0          0         80   uidiv.o
        98          0          0          0          0         92   uldiv.o
        48          0          0          0          0         68   cdrcmple.o
       334          0          0          0          0        148   dadd.o
       222          0          0          0          0        100   ddiv.o
       186          0          0          0          0        176   depilogue.o
        48          0          0          0          0         68   dfixul.o
       228          0          0          0          0         96   dmul.o

    ----------------------------------------------------------------------
      4068        130          0         16          0       2036   Library Totals
         6          0          0          0          0          0   (incl. Padding)

    ----------------------------------------------------------------------

      Code (inc. data)   RO Data    RW Data    ZI Data      Debug   Library Name

      2996        130          0         16          0       1380   mc_w.l
      1066          0          0          0          0        656   mf_w.l

    ----------------------------------------------------------------------
      4068        130          0         16          0       2036   Library Totals

    ----------------------------------------------------------------------

==============================================================================


      Code (inc. data)   RO Data    RW Data    ZI Data      Debug   

     35844       5342       2664        456      64400     997751   Grand Totals
     35844       5342       2664        188      64400     997751   ELF Image Totals (compressed)
     35844       5342       2664        188          0          0   ROM Totals

==============================================================================

    Total RO  Size (Code + RO Data)                38508 (  37.61kB)
    Total RW  Size (RW Data + ZI Data)             64856 (  63.34kB)
    Total ROM Size (Code + RO Data + RW Data)      38696 (  37.79kB)

==============================================================================

